10:43:55 **** Incremental Build of configuration Debug for project Demo ****
make all 
Building file: ../src/main.c
Invoking: GNU Arm Cross C Compiler
arm-none-eabi-gcc -mcpu=cortex-m4 -mthumb -mfloat-abi=softfp -mfpu=fpv4-sp-d16 -Og -fmessage-length=0 -fsigned-char -ffunction-sections -fdata-sections -fno-move-loop-invariants -Wall -Wextra -g3 -DDEBUG -DUSE_FULL_ASSERT -DOS_USE_SEMIHOSTING -DTRACE -DOS_USE_TRACE_SEMIHOSTING_DEBUG -DSTM32F407xx -DUSE_HAL_DRIVER -DHSE_VALUE=8000000 -I"../include" -I"C:\Users\moame\Documents\FreeRTOS project\Demo\FreeRTOS Source\include" -I"C:\Users\moame\Documents\FreeRTOS project\Demo\FreeRTOS Source\portable\GCC\ARM_CM4F" -I"../system/include" -I"../system/include/cmsis" -I"../system/include/stm32f4-hal" -std=gnu11 -MMD -MP -MF"src/main.d" -MT"src/main.o" -c -o "src/main.o" "../src/main.c"
Finished building: ../src/main.c
 
Building target: Demo.elf
Invoking: GNU Arm Cross C++ Linker
arm-none-eabi-g++ -mcpu=cortex-m4 -mthumb -mfloat-abi=softfp -mfpu=fpv4-sp-d16 -Og -fmessage-length=0 -fsigned-char -ffunction-sections -fdata-sections -fno-move-loop-invariants -Wall -Wextra -g3 -T mem.ld -T libs.ld -T sections.ld -nostartfiles -Xlinker --gc-sections -L"../ldscripts" -Wl,-Map,"Demo.map" --specs=nano.specs -o "Demo.elf" ./system/src/stm32f4-hal/stm32f4xx_hal.o ./system/src/stm32f4-hal/stm32f4xx_hal_cortex.o ./system/src/stm32f4-hal/stm32f4xx_hal_flash.o ./system/src/stm32f4-hal/stm32f4xx_hal_flash_ex.o ./system/src/stm32f4-hal/stm32f4xx_hal_flash_ramfunc.o ./system/src/stm32f4-hal/stm32f4xx_hal_gpio.o ./system/src/stm32f4-hal/stm32f4xx_hal_iwdg.o ./system/src/stm32f4-hal/stm32f4xx_hal_pwr.o ./system/src/stm32f4-hal/stm32f4xx_hal_rcc.o  ./system/src/newlib/assert.o ./system/src/newlib/cxx.o ./system/src/newlib/exit.o ./system/src/newlib/sbrk.o ./system/src/newlib/startup.o ./system/src/newlib/syscalls.o  ./system/src/diag/trace-impl.o ./system/src/diag/trace.o  ./system/src/cortexm/exception-handlers.o ./system/src/cortexm/initialize-hardware.o ./system/src/cortexm/reset-hardware.o  ./system/src/cmsis/system_stm32f4xx.o ./system/src/cmsis/vectors_stm32f407xx.o  ./src/initialize-hardware.o ./src/led.o ./src/main.o ./src/stm32f4xx_hal_msp.o ./src/write.o  ./FreeRTOS\ Source/portable/MemMang/heap_4.o  ./FreeRTOS\ Source/portable/GCC/ARM_CM4F/port.o  ./FreeRTOS\ Source/croutine.o ./FreeRTOS\ Source/event_groups.o ./FreeRTOS\ Source/list.o ./FreeRTOS\ Source/queue.o ./FreeRTOS\ Source/tasks.o ./FreeRTOS\ Source/timers.o   
C:/Users/moame/AppData/Roaming/xPacks/@xpack-dev-tools/arm-none-eabi-gcc/13.2.1-1.1.1/.content/bin/../lib/gcc/arm-none-eabi/13.2.1/../../../../arm-none-eabi/bin/ld.exe: warning: Demo.elf has a LOAD segment with RWX permissions
Finished building target: Demo.elf
 
Invoking: GNU Arm Cross Create Flash Image
arm-none-eabi-objcopy -O ihex "Demo.elf"  "Demo.hex"
Finished building: Demo.hex
 
Invoking: GNU Arm Cross Print Size
arm-none-eabi-size --format=berkeley "Demo.elf"
   text	   data	    bss	    dec	    hex	filename
  22012	    156	  78376	 100544	  188c0	Demo.elf
Finished building: Demo.siz
 

10:43:56 Build Finished. 0 errors, 1 warnings. (took 1s.263ms)

