17:20:56 **** Build of configuration Debug for project Demo ****
make all 
Building file: ../system/src/newlib/syscalls.c
Invoking: GNU Arm Cross C Compiler
arm-none-eabi-gcc -mcpu=cortex-m4 -mthumb -mfloat-abi=softfp -mfpu=fpv4-sp-d16 -Og -fmessage-length=0 -fsigned-char -ffunction-sections -fdata-sections -fno-move-loop-invariants -Wall -Wextra -g3 -DDEBUG -DUSE_FULL_ASSERT -DOS_USE_SEMIHOSTING -DTRACE -DOS_USE_TRACE_SEMIHOSTING_DEBUG -DSTM32F407xx -DUSE_HAL_DRIVER -DHSE_VALUE=8000000 -I"../include" -I"C:\Users\moame\Documents\FreeRTOS project\Demo\FreeRTOS Source\include" -I"C:\Users\moame\Documents\FreeRTOS project\Demo\FreeRTOS Source\portable\GCC\ARM_CM4F" -I"../system/include" -I"../system/include/cmsis" -I"../system/include/stm32f4-hal" -std=gnu11 -MMD -MP -MF"system/src/newlib/syscalls.d" -MT"system/src/newlib/syscalls.o" -c -o "system/src/newlib/syscalls.o" "../system/src/newlib/syscalls.c"
Finished building: ../system/src/newlib/syscalls.c
 
Building file: ../system/src/diag/trace-impl.c
Invoking: GNU Arm Cross C Compiler
arm-none-eabi-gcc -mcpu=cortex-m4 -mthumb -mfloat-abi=softfp -mfpu=fpv4-sp-d16 -Og -fmessage-length=0 -fsigned-char -ffunction-sections -fdata-sections -fno-move-loop-invariants -Wall -Wextra -g3 -DDEBUG -DUSE_FULL_ASSERT -DOS_USE_SEMIHOSTING -DTRACE -DOS_USE_TRACE_SEMIHOSTING_DEBUG -DSTM32F407xx -DUSE_HAL_DRIVER -DHSE_VALUE=8000000 -I"../include" -I"C:\Users\moame\Documents\FreeRTOS project\Demo\FreeRTOS Source\include" -I"C:\Users\moame\Documents\FreeRTOS project\Demo\FreeRTOS Source\portable\GCC\ARM_CM4F" -I"../system/include" -I"../system/include/cmsis" -I"../system/include/stm32f4-hal" -std=gnu11 -MMD -MP -MF"system/src/diag/trace-impl.d" -MT"system/src/diag/trace-impl.o" -c -o "system/src/diag/trace-impl.o" "../system/src/diag/trace-impl.c"
Finished building: ../system/src/diag/trace-impl.c
 
Building file: ../system/src/diag/trace.c
Invoking: GNU Arm Cross C Compiler
arm-none-eabi-gcc -mcpu=cortex-m4 -mthumb -mfloat-abi=softfp -mfpu=fpv4-sp-d16 -Og -fmessage-length=0 -fsigned-char -ffunction-sections -fdata-sections -fno-move-loop-invariants -Wall -Wextra -g3 -DDEBUG -DUSE_FULL_ASSERT -DOS_USE_SEMIHOSTING -DTRACE -DOS_USE_TRACE_SEMIHOSTING_DEBUG -DSTM32F407xx -DUSE_HAL_DRIVER -DHSE_VALUE=8000000 -I"../include" -I"C:\Users\moame\Documents\FreeRTOS project\Demo\FreeRTOS Source\include" -I"C:\Users\moame\Documents\FreeRTOS project\Demo\FreeRTOS Source\portable\GCC\ARM_CM4F" -I"../system/include" -I"../system/include/cmsis" -I"../system/include/stm32f4-hal" -std=gnu11 -MMD -MP -MF"system/src/diag/trace.d" -MT"system/src/diag/trace.o" -c -o "system/src/diag/trace.o" "../system/src/diag/trace.c"
Finished building: ../system/src/diag/trace.c
 
Building file: ../system/src/cortexm/exception-handlers.c
Invoking: GNU Arm Cross C Compiler
arm-none-eabi-gcc -mcpu=cortex-m4 -mthumb -mfloat-abi=softfp -mfpu=fpv4-sp-d16 -Og -fmessage-length=0 -fsigned-char -ffunction-sections -fdata-sections -fno-move-loop-invariants -Wall -Wextra -g3 -DDEBUG -DUSE_FULL_ASSERT -DOS_USE_SEMIHOSTING -DTRACE -DOS_USE_TRACE_SEMIHOSTING_DEBUG -DSTM32F407xx -DUSE_HAL_DRIVER -DHSE_VALUE=8000000 -I"../include" -I"C:\Users\moame\Documents\FreeRTOS project\Demo\FreeRTOS Source\include" -I"C:\Users\moame\Documents\FreeRTOS project\Demo\FreeRTOS Source\portable\GCC\ARM_CM4F" -I"../system/include" -I"../system/include/cmsis" -I"../system/include/stm32f4-hal" -std=gnu11 -MMD -MP -MF"system/src/cortexm/exception-handlers.d" -MT"system/src/cortexm/exception-handlers.o" -c -o "system/src/cortexm/exception-handlers.o" "../system/src/cortexm/exception-handlers.c"
Finished building: ../system/src/cortexm/exception-handlers.c
 
Building file: ../system/src/cortexm/initialize-hardware.c
Invoking: GNU Arm Cross C Compiler
arm-none-eabi-gcc -mcpu=cortex-m4 -mthumb -mfloat-abi=softfp -mfpu=fpv4-sp-d16 -Og -fmessage-length=0 -fsigned-char -ffunction-sections -fdata-sections -fno-move-loop-invariants -Wall -Wextra -g3 -DDEBUG -DUSE_FULL_ASSERT -DOS_USE_SEMIHOSTING -DTRACE -DOS_USE_TRACE_SEMIHOSTING_DEBUG -DSTM32F407xx -DUSE_HAL_DRIVER -DHSE_VALUE=8000000 -I"../include" -I"C:\Users\moame\Documents\FreeRTOS project\Demo\FreeRTOS Source\include" -I"C:\Users\moame\Documents\FreeRTOS project\Demo\FreeRTOS Source\portable\GCC\ARM_CM4F" -I"../system/include" -I"../system/include/cmsis" -I"../system/include/stm32f4-hal" -std=gnu11 -MMD -MP -MF"system/src/cortexm/initialize-hardware.d" -MT"system/src/cortexm/initialize-hardware.o" -c -o "system/src/cortexm/initialize-hardware.o" "../system/src/cortexm/initialize-hardware.c"
Finished building: ../system/src/cortexm/initialize-hardware.c
 
Building file: ../system/src/cortexm/reset-hardware.c
Invoking: GNU Arm Cross C Compiler
arm-none-eabi-gcc -mcpu=cortex-m4 -mthumb -mfloat-abi=softfp -mfpu=fpv4-sp-d16 -Og -fmessage-length=0 -fsigned-char -ffunction-sections -fdata-sections -fno-move-loop-invariants -Wall -Wextra -g3 -DDEBUG -DUSE_FULL_ASSERT -DOS_USE_SEMIHOSTING -DTRACE -DOS_USE_TRACE_SEMIHOSTING_DEBUG -DSTM32F407xx -DUSE_HAL_DRIVER -DHSE_VALUE=8000000 -I"../include" -I"C:\Users\moame\Documents\FreeRTOS project\Demo\FreeRTOS Source\include" -I"C:\Users\moame\Documents\FreeRTOS project\Demo\FreeRTOS Source\portable\GCC\ARM_CM4F" -I"../system/include" -I"../system/include/cmsis" -I"../system/include/stm32f4-hal" -std=gnu11 -MMD -MP -MF"system/src/cortexm/reset-hardware.d" -MT"system/src/cortexm/reset-hardware.o" -c -o "system/src/cortexm/reset-hardware.o" "../system/src/cortexm/reset-hardware.c"
Finished building: ../system/src/cortexm/reset-hardware.c
 
Building file: ../system/src/cmsis/system_stm32f4xx.c
Invoking: GNU Arm Cross C Compiler
arm-none-eabi-gcc -mcpu=cortex-m4 -mthumb -mfloat-abi=softfp -mfpu=fpv4-sp-d16 -Og -fmessage-length=0 -fsigned-char -ffunction-sections -fdata-sections -fno-move-loop-invariants -Wall -Wextra -g3 -DDEBUG -DUSE_FULL_ASSERT -DOS_USE_SEMIHOSTING -DTRACE -DOS_USE_TRACE_SEMIHOSTING_DEBUG -DSTM32F407xx -DUSE_HAL_DRIVER -DHSE_VALUE=8000000 -I"../include" -I"C:\Users\moame\Documents\FreeRTOS project\Demo\FreeRTOS Source\include" -I"C:\Users\moame\Documents\FreeRTOS project\Demo\FreeRTOS Source\portable\GCC\ARM_CM4F" -I"../system/include" -I"../system/include/cmsis" -I"../system/include/stm32f4-hal" -std=gnu11 -Wno-padded -MMD -MP -MF"system/src/cmsis/system_stm32f4xx.d" -MT"system/src/cmsis/system_stm32f4xx.o" -c -o "system/src/cmsis/system_stm32f4xx.o" "../system/src/cmsis/system_stm32f4xx.c"
Finished building: ../system/src/cmsis/system_stm32f4xx.c
 
Building file: ../system/src/cmsis/vectors_stm32f407xx.c
Invoking: GNU Arm Cross C Compiler
arm-none-eabi-gcc -mcpu=cortex-m4 -mthumb -mfloat-abi=softfp -mfpu=fpv4-sp-d16 -Og -fmessage-length=0 -fsigned-char -ffunction-sections -fdata-sections -fno-move-loop-invariants -Wall -Wextra -g3 -DDEBUG -DUSE_FULL_ASSERT -DOS_USE_SEMIHOSTING -DTRACE -DOS_USE_TRACE_SEMIHOSTING_DEBUG -DSTM32F407xx -DUSE_HAL_DRIVER -DHSE_VALUE=8000000 -I"../include" -I"C:\Users\moame\Documents\FreeRTOS project\Demo\FreeRTOS Source\include" -I"C:\Users\moame\Documents\FreeRTOS project\Demo\FreeRTOS Source\portable\GCC\ARM_CM4F" -I"../system/include" -I"../system/include/cmsis" -I"../system/include/stm32f4-hal" -std=gnu11 -MMD -MP -MF"system/src/cmsis/vectors_stm32f407xx.d" -MT"system/src/cmsis/vectors_stm32f407xx.o" -c -o "system/src/cmsis/vectors_stm32f407xx.o" "../system/src/cmsis/vectors_stm32f407xx.c"
Finished building: ../system/src/cmsis/vectors_stm32f407xx.c
 
Building file: ../src/initialize-hardware.c
Invoking: GNU Arm Cross C Compiler
arm-none-eabi-gcc -mcpu=cortex-m4 -mthumb -mfloat-abi=softfp -mfpu=fpv4-sp-d16 -Og -fmessage-length=0 -fsigned-char -ffunction-sections -fdata-sections -fno-move-loop-invariants -Wall -Wextra -g3 -DDEBUG -DUSE_FULL_ASSERT -DOS_USE_SEMIHOSTING -DTRACE -DOS_USE_TRACE_SEMIHOSTING_DEBUG -DSTM32F407xx -DUSE_HAL_DRIVER -DHSE_VALUE=8000000 -I"../include" -I"C:\Users\moame\Documents\FreeRTOS project\Demo\FreeRTOS Source\include" -I"C:\Users\moame\Documents\FreeRTOS project\Demo\FreeRTOS Source\portable\GCC\ARM_CM4F" -I"../system/include" -I"../system/include/cmsis" -I"../system/include/stm32f4-hal" -std=gnu11 -MMD -MP -MF"src/initialize-hardware.d" -MT"src/initialize-hardware.o" -c -o "src/initialize-hardware.o" "../src/initialize-hardware.c"
../src/initialize-hardware.c: In function 'SystemClock_Config':
../src/initialize-hardware.c:128:2: warning: #warning "Please check if the SystemClock_Config() settings match your board!" [-Wcpp]
  128 | #warning "Please check if the SystemClock_Config() settings match your board!"
      |  ^~~~~~~
Finished building: ../src/initialize-hardware.c
 
Building file: ../src/led.c
Invoking: GNU Arm Cross C Compiler
arm-none-eabi-gcc -mcpu=cortex-m4 -mthumb -mfloat-abi=softfp -mfpu=fpv4-sp-d16 -Og -fmessage-length=0 -fsigned-char -ffunction-sections -fdata-sections -fno-move-loop-invariants -Wall -Wextra -g3 -DDEBUG -DUSE_FULL_ASSERT -DOS_USE_SEMIHOSTING -DTRACE -DOS_USE_TRACE_SEMIHOSTING_DEBUG -DSTM32F407xx -DUSE_HAL_DRIVER -DHSE_VALUE=8000000 -I"../include" -I"C:\Users\moame\Documents\FreeRTOS project\Demo\FreeRTOS Source\include" -I"C:\Users\moame\Documents\FreeRTOS project\Demo\FreeRTOS Source\portable\GCC\ARM_CM4F" -I"../system/include" -I"../system/include/cmsis" -I"../system/include/stm32f4-hal" -std=gnu11 -MMD -MP -MF"src/led.d" -MT"src/led.o" -c -o "src/led.o" "../src/led.c"
Finished building: ../src/led.c
 
Building file: ../src/main.c
Invoking: GNU Arm Cross C Compiler
arm-none-eabi-gcc -mcpu=cortex-m4 -mthumb -mfloat-abi=softfp -mfpu=fpv4-sp-d16 -Og -fmessage-length=0 -fsigned-char -ffunction-sections -fdata-sections -fno-move-loop-invariants -Wall -Wextra -g3 -DDEBUG -DUSE_FULL_ASSERT -DOS_USE_SEMIHOSTING -DTRACE -DOS_USE_TRACE_SEMIHOSTING_DEBUG -DSTM32F407xx -DUSE_HAL_DRIVER -DHSE_VALUE=8000000 -I"../include" -I"C:\Users\moame\Documents\FreeRTOS project\Demo\FreeRTOS Source\include" -I"C:\Users\moame\Documents\FreeRTOS project\Demo\FreeRTOS Source\portable\GCC\ARM_CM4F" -I"../system/include" -I"../system/include/cmsis" -I"../system/include/stm32f4-hal" -std=gnu11 -MMD -MP -MF"src/main.d" -MT"src/main.o" -c -o "src/main.o" "../src/main.c"
../src/main.c: In function 'prvOneShotTimerCallback':
../src/main.c:131:52: warning: unused parameter 'xTimer' [-Wunused-parameter]
  131 | static void prvOneShotTimerCallback( TimerHandle_t xTimer )
      |                                      ~~~~~~~~~~~~~~^~~~~~
../src/main.c: In function 'prvAutoReloadTimerCallback':
../src/main.c:137:55: warning: unused parameter 'xTimer' [-Wunused-parameter]
  137 | static void prvAutoReloadTimerCallback( TimerHandle_t xTimer )
      |                                         ~~~~~~~~~~~~~~^~~~~~
Finished building: ../src/main.c
 
Building file: ../src/stm32f4xx_hal_msp.c
Invoking: GNU Arm Cross C Compiler
arm-none-eabi-gcc -mcpu=cortex-m4 -mthumb -mfloat-abi=softfp -mfpu=fpv4-sp-d16 -Og -fmessage-length=0 -fsigned-char -ffunction-sections -fdata-sections -fno-move-loop-invariants -Wall -Wextra -g3 -DDEBUG -DUSE_FULL_ASSERT -DOS_USE_SEMIHOSTING -DTRACE -DOS_USE_TRACE_SEMIHOSTING_DEBUG -DSTM32F407xx -DUSE_HAL_DRIVER -DHSE_VALUE=8000000 -I"../include" -I"C:\Users\moame\Documents\FreeRTOS project\Demo\FreeRTOS Source\include" -I"C:\Users\moame\Documents\FreeRTOS project\Demo\FreeRTOS Source\portable\GCC\ARM_CM4F" -I"../system/include" -I"../system/include/cmsis" -I"../system/include/stm32f4-hal" -std=gnu11 -Wno-padded -Wno-missing-prototypes -Wno-missing-declarations -MMD -MP -MF"src/stm32f4xx_hal_msp.d" -MT"src/stm32f4xx_hal_msp.o" -c -o "src/stm32f4xx_hal_msp.o" "../src/stm32f4xx_hal_msp.c"
Finished building: ../src/stm32f4xx_hal_msp.c
 
Building file: ../src/write.c
Invoking: GNU Arm Cross C Compiler
arm-none-eabi-gcc -mcpu=cortex-m4 -mthumb -mfloat-abi=softfp -mfpu=fpv4-sp-d16 -Og -fmessage-length=0 -fsigned-char -ffunction-sections -fdata-sections -fno-move-loop-invariants -Wall -Wextra -g3 -DDEBUG -DUSE_FULL_ASSERT -DOS_USE_SEMIHOSTING -DTRACE -DOS_USE_TRACE_SEMIHOSTING_DEBUG -DSTM32F407xx -DUSE_HAL_DRIVER -DHSE_VALUE=8000000 -I"../include" -I"C:\Users\moame\Documents\FreeRTOS project\Demo\FreeRTOS Source\include" -I"C:\Users\moame\Documents\FreeRTOS project\Demo\FreeRTOS Source\portable\GCC\ARM_CM4F" -I"../system/include" -I"../system/include/cmsis" -I"../system/include/stm32f4-hal" -std=gnu11 -MMD -MP -MF"src/write.d" -MT"src/write.o" -c -o "src/write.o" "../src/write.c"
Finished building: ../src/write.c
 
Building file: ../FreeRTOS Source/portable/MemMang/heap_4.c
Invoking: GNU Arm Cross C Compiler
arm-none-eabi-gcc -mcpu=cortex-m4 -mthumb -mfloat-abi=softfp -mfpu=fpv4-sp-d16 -Og -fmessage-length=0 -fsigned-char -ffunction-sections -fdata-sections -fno-move-loop-invariants -Wall -Wextra -g3 -DDEBUG -DUSE_FULL_ASSERT -DOS_USE_SEMIHOSTING -DTRACE -DOS_USE_TRACE_SEMIHOSTING_DEBUG -DSTM32F407xx -DUSE_HAL_DRIVER -DHSE_VALUE=8000000 -I"../include" -I"C:\Users\moame\Documents\FreeRTOS project\Demo\FreeRTOS Source\include" -I"C:\Users\moame\Documents\FreeRTOS project\Demo\FreeRTOS Source\portable\GCC\ARM_CM4F" -I"../system/include" -I"../system/include/cmsis" -I"../system/include/stm32f4-hal" -std=gnu11 -MMD -MP -MF"FreeRTOS Source/portable/MemMang/heap_4.d" -MT"FreeRTOS Source/portable/MemMang/heap_4.o" -c -o "FreeRTOS Source/portable/MemMang/heap_4.o" "../FreeRTOS Source/portable/MemMang/heap_4.c"
Finished building: ../FreeRTOS Source/portable/MemMang/heap_4.c
 
Building file: ../FreeRTOS Source/portable/GCC/ARM_CM4F/port.c
Invoking: GNU Arm Cross C Compiler
arm-none-eabi-gcc -mcpu=cortex-m4 -mthumb -mfloat-abi=softfp -mfpu=fpv4-sp-d16 -Og -fmessage-length=0 -fsigned-char -ffunction-sections -fdata-sections -fno-move-loop-invariants -Wall -Wextra -g3 -DDEBUG -DUSE_FULL_ASSERT -DOS_USE_SEMIHOSTING -DTRACE -DOS_USE_TRACE_SEMIHOSTING_DEBUG -DSTM32F407xx -DUSE_HAL_DRIVER -DHSE_VALUE=8000000 -I"../include" -I"C:\Users\moame\Documents\FreeRTOS project\Demo\FreeRTOS Source\include" -I"C:\Users\moame\Documents\FreeRTOS project\Demo\FreeRTOS Source\portable\GCC\ARM_CM4F" -I"../system/include" -I"../system/include/cmsis" -I"../system/include/stm32f4-hal" -std=gnu11 -MMD -MP -MF"FreeRTOS Source/portable/GCC/ARM_CM4F/port.d" -MT"FreeRTOS Source/portable/GCC/ARM_CM4F/port.o" -c -o "FreeRTOS Source/portable/GCC/ARM_CM4F/port.o" "../FreeRTOS Source/portable/GCC/ARM_CM4F/port.c"
../FreeRTOS Source/portable/GCC/ARM_CM4F/port.c:689:13: warning: 'vPortEnableVFP' defined but not used [-Wunused-function]
  689 | static void vPortEnableVFP( void )
      |             ^~~~~~~~~~~~~~
Finished building: ../FreeRTOS Source/portable/GCC/ARM_CM4F/port.c
 
Building file: ../FreeRTOS Source/croutine.c
Invoking: GNU Arm Cross C Compiler
arm-none-eabi-gcc -mcpu=cortex-m4 -mthumb -mfloat-abi=softfp -mfpu=fpv4-sp-d16 -Og -fmessage-length=0 -fsigned-char -ffunction-sections -fdata-sections -fno-move-loop-invariants -Wall -Wextra -g3 -DDEBUG -DUSE_FULL_ASSERT -DOS_USE_SEMIHOSTING -DTRACE -DOS_USE_TRACE_SEMIHOSTING_DEBUG -DSTM32F407xx -DUSE_HAL_DRIVER -DHSE_VALUE=8000000 -I"../include" -I"C:\Users\moame\Documents\FreeRTOS project\Demo\FreeRTOS Source\include" -I"C:\Users\moame\Documents\FreeRTOS project\Demo\FreeRTOS Source\portable\GCC\ARM_CM4F" -I"../system/include" -I"../system/include/cmsis" -I"../system/include/stm32f4-hal" -std=gnu11 -MMD -MP -MF"FreeRTOS Source/croutine.d" -MT"FreeRTOS Source/croutine.o" -c -o "FreeRTOS Source/croutine.o" "../FreeRTOS Source/croutine.c"
Finished building: ../FreeRTOS Source/croutine.c
 
Building file: ../FreeRTOS Source/event_groups.c
Invoking: GNU Arm Cross C Compiler
arm-none-eabi-gcc -mcpu=cortex-m4 -mthumb -mfloat-abi=softfp -mfpu=fpv4-sp-d16 -Og -fmessage-length=0 -fsigned-char -ffunction-sections -fdata-sections -fno-move-loop-invariants -Wall -Wextra -g3 -DDEBUG -DUSE_FULL_ASSERT -DOS_USE_SEMIHOSTING -DTRACE -DOS_USE_TRACE_SEMIHOSTING_DEBUG -DSTM32F407xx -DUSE_HAL_DRIVER -DHSE_VALUE=8000000 -I"../include" -I"C:\Users\moame\Documents\FreeRTOS project\Demo\FreeRTOS Source\include" -I"C:\Users\moame\Documents\FreeRTOS project\Demo\FreeRTOS Source\portable\GCC\ARM_CM4F" -I"../system/include" -I"../system/include/cmsis" -I"../system/include/stm32f4-hal" -std=gnu11 -MMD -MP -MF"FreeRTOS Source/event_groups.d" -MT"FreeRTOS Source/event_groups.o" -c -o "FreeRTOS Source/event_groups.o" "../FreeRTOS Source/event_groups.c"
Finished building: ../FreeRTOS Source/event_groups.c
 
Building file: ../FreeRTOS Source/list.c
Invoking: GNU Arm Cross C Compiler
arm-none-eabi-gcc -mcpu=cortex-m4 -mthumb -mfloat-abi=softfp -mfpu=fpv4-sp-d16 -Og -fmessage-length=0 -fsigned-char -ffunction-sections -fdata-sections -fno-move-loop-invariants -Wall -Wextra -g3 -DDEBUG -DUSE_FULL_ASSERT -DOS_USE_SEMIHOSTING -DTRACE -DOS_USE_TRACE_SEMIHOSTING_DEBUG -DSTM32F407xx -DUSE_HAL_DRIVER -DHSE_VALUE=8000000 -I"../include" -I"C:\Users\moame\Documents\FreeRTOS project\Demo\FreeRTOS Source\include" -I"C:\Users\moame\Documents\FreeRTOS project\Demo\FreeRTOS Source\portable\GCC\ARM_CM4F" -I"../system/include" -I"../system/include/cmsis" -I"../system/include/stm32f4-hal" -std=gnu11 -MMD -MP -MF"FreeRTOS Source/list.d" -MT"FreeRTOS Source/list.o" -c -o "FreeRTOS Source/list.o" "../FreeRTOS Source/list.c"
Finished building: ../FreeRTOS Source/list.c
 
Building file: ../FreeRTOS Source/queue.c
Invoking: GNU Arm Cross C Compiler
arm-none-eabi-gcc -mcpu=cortex-m4 -mthumb -mfloat-abi=softfp -mfpu=fpv4-sp-d16 -Og -fmessage-length=0 -fsigned-char -ffunction-sections -fdata-sections -fno-move-loop-invariants -Wall -Wextra -g3 -DDEBUG -DUSE_FULL_ASSERT -DOS_USE_SEMIHOSTING -DTRACE -DOS_USE_TRACE_SEMIHOSTING_DEBUG -DSTM32F407xx -DUSE_HAL_DRIVER -DHSE_VALUE=8000000 -I"../include" -I"C:\Users\moame\Documents\FreeRTOS project\Demo\FreeRTOS Source\include" -I"C:\Users\moame\Documents\FreeRTOS project\Demo\FreeRTOS Source\portable\GCC\ARM_CM4F" -I"../system/include" -I"../system/include/cmsis" -I"../system/include/stm32f4-hal" -std=gnu11 -MMD -MP -MF"FreeRTOS Source/queue.d" -MT"FreeRTOS Source/queue.o" -c -o "FreeRTOS Source/queue.o" "../FreeRTOS Source/queue.c"
Finished building: ../FreeRTOS Source/queue.c
 
Building file: ../FreeRTOS Source/tasks.c
Invoking: GNU Arm Cross C Compiler
arm-none-eabi-gcc -mcpu=cortex-m4 -mthumb -mfloat-abi=softfp -mfpu=fpv4-sp-d16 -Og -fmessage-length=0 -fsigned-char -ffunction-sections -fdata-sections -fno-move-loop-invariants -Wall -Wextra -g3 -DDEBUG -DUSE_FULL_ASSERT -DOS_USE_SEMIHOSTING -DTRACE -DOS_USE_TRACE_SEMIHOSTING_DEBUG -DSTM32F407xx -DUSE_HAL_DRIVER -DHSE_VALUE=8000000 -I"../include" -I"C:\Users\moame\Documents\FreeRTOS project\Demo\FreeRTOS Source\include" -I"C:\Users\moame\Documents\FreeRTOS project\Demo\FreeRTOS Source\portable\GCC\ARM_CM4F" -I"../system/include" -I"../system/include/cmsis" -I"../system/include/stm32f4-hal" -std=gnu11 -MMD -MP -MF"FreeRTOS Source/tasks.d" -MT"FreeRTOS Source/tasks.o" -c -o "FreeRTOS Source/tasks.o" "../FreeRTOS Source/tasks.c"
Finished building: ../FreeRTOS Source/tasks.c
 
Building file: ../FreeRTOS Source/timers.c
Invoking: GNU Arm Cross C Compiler
arm-none-eabi-gcc -mcpu=cortex-m4 -mthumb -mfloat-abi=softfp -mfpu=fpv4-sp-d16 -Og -fmessage-length=0 -fsigned-char -ffunction-sections -fdata-sections -fno-move-loop-invariants -Wall -Wextra -g3 -DDEBUG -DUSE_FULL_ASSERT -DOS_USE_SEMIHOSTING -DTRACE -DOS_USE_TRACE_SEMIHOSTING_DEBUG -DSTM32F407xx -DUSE_HAL_DRIVER -DHSE_VALUE=8000000 -I"../include" -I"C:\Users\moame\Documents\FreeRTOS project\Demo\FreeRTOS Source\include" -I"C:\Users\moame\Documents\FreeRTOS project\Demo\FreeRTOS Source\portable\GCC\ARM_CM4F" -I"../system/include" -I"../system/include/cmsis" -I"../system/include/stm32f4-hal" -std=gnu11 -MMD -MP -MF"FreeRTOS Source/timers.d" -MT"FreeRTOS Source/timers.o" -c -o "FreeRTOS Source/timers.o" "../FreeRTOS Source/timers.c"
Finished building: ../FreeRTOS Source/timers.c
 
Building target: Demo.elf
Invoking: GNU Arm Cross C++ Linker
arm-none-eabi-g++ -mcpu=cortex-m4 -mthumb -mfloat-abi=softfp -mfpu=fpv4-sp-d16 -Og -fmessage-length=0 -fsigned-char -ffunction-sections -fdata-sections -fno-move-loop-invariants -Wall -Wextra -g3 -T mem.ld -T libs.ld -T sections.ld -nostartfiles -Xlinker --gc-sections -L"../ldscripts" -Wl,-Map,"Demo.map" --specs=nano.specs -o "Demo.elf" ./system/src/stm32f4-hal/stm32f4xx_hal.o ./system/src/stm32f4-hal/stm32f4xx_hal_cortex.o ./system/src/stm32f4-hal/stm32f4xx_hal_flash.o ./system/src/stm32f4-hal/stm32f4xx_hal_flash_ex.o ./system/src/stm32f4-hal/stm32f4xx_hal_flash_ramfunc.o ./system/src/stm32f4-hal/stm32f4xx_hal_gpio.o ./system/src/stm32f4-hal/stm32f4xx_hal_iwdg.o ./system/src/stm32f4-hal/stm32f4xx_hal_pwr.o ./system/src/stm32f4-hal/stm32f4xx_hal_rcc.o  ./system/src/newlib/assert.o ./system/src/newlib/cxx.o ./system/src/newlib/exit.o ./system/src/newlib/sbrk.o ./system/src/newlib/startup.o ./system/src/newlib/syscalls.o  ./system/src/diag/trace-impl.o ./system/src/diag/trace.o  ./system/src/cortexm/exception-handlers.o ./system/src/cortexm/initialize-hardware.o ./system/src/cortexm/reset-hardware.o  ./system/src/cmsis/system_stm32f4xx.o ./system/src/cmsis/vectors_stm32f407xx.o  ./src/initialize-hardware.o ./src/led.o ./src/main.o ./src/stm32f4xx_hal_msp.o ./src/write.o  ./FreeRTOS\ Source/portable/MemMang/heap_4.o  ./FreeRTOS\ Source/portable/GCC/ARM_CM4F/port.o  ./FreeRTOS\ Source/croutine.o ./FreeRTOS\ Source/event_groups.o ./FreeRTOS\ Source/list.o ./FreeRTOS\ Source/queue.o ./FreeRTOS\ Source/tasks.o ./FreeRTOS\ Source/timers.o   
C:/Users/moame/AppData/Roaming/xPacks/@xpack-dev-tools/arm-none-eabi-gcc/13.2.1-1.1.1/.content/bin/../lib/gcc/arm-none-eabi/13.2.1/../../../../arm-none-eabi/bin/ld.exe: warning: Demo.elf has a LOAD segment with RWX permissions
Finished building target: Demo.elf
 
Invoking: GNU Arm Cross Create Flash Image
arm-none-eabi-objcopy -O ihex "Demo.elf"  "Demo.hex"
Finished building: Demo.hex
 
Invoking: GNU Arm Cross Print Size
arm-none-eabi-size --format=berkeley "Demo.elf"
   text	   data	    bss	    dec	    hex	filename
  17780	    144	  78316	  96240	  177f0	Demo.elf
Finished building: Demo.siz
 
17:22:09 **** Incremental Build of configuration Debug for project Demo ****
make all 
Invoking: GNU Arm Cross Print Size
arm-none-eabi-size --format=berkeley "Demo.elf"
   text	   data	    bss	    dec	    hex	filename
  17780	    144	  78316	  96240	  177f0	Demo.elf
Finished building: Demo.siz
 
17:22:28 **** Incremental Build of configuration Debug for project Demo ****
make all 
Invoking: GNU Arm Cross Print Size
arm-none-eabi-size --format=berkeley "Demo.elf"
   text	   data	    bss	    dec	    hex	filename
  17780	    144	  78316	  96240	  177f0	Demo.elf
Finished building: Demo.siz
 
17:23:18 **** Incremental Build of configuration Debug for project Demo ****
make all 
Invoking: GNU Arm Cross Print Size
arm-none-eabi-size --format=berkeley "Demo.elf"
   text	   data	    bss	    dec	    hex	filename
  17780	    144	  78316	  96240	  177f0	Demo.elf
Finished building: Demo.siz
 
17:24:34 **** Incremental Build of configuration Debug for project Demo ****
make all 
Invoking: GNU Arm Cross Print Size
arm-none-eabi-size --format=berkeley "Demo.elf"
   text	   data	    bss	    dec	    hex	filename
  17780	    144	  78316	  96240	  177f0	Demo.elf
Finished building: Demo.siz
 
17:25:14 **** Incremental Build of configuration Debug for project Demo ****
make all 
Invoking: GNU Arm Cross Print Size
arm-none-eabi-size --format=berkeley "Demo.elf"
   text	   data	    bss	    dec	    hex	filename
  17780	    144	  78316	  96240	  177f0	Demo.elf
Finished building: Demo.siz
 
17:28:36 **** Incremental Build of configuration Debug for project Demo ****
make all 
Invoking: GNU Arm Cross Print Size
arm-none-eabi-size --format=berkeley "Demo.elf"
   text	   data	    bss	    dec	    hex	filename
  17780	    144	  78316	  96240	  177f0	Demo.elf
Finished building: Demo.siz
 
17:29:29 **** Incremental Build of configuration Debug for project Demo ****
make all 
Invoking: GNU Arm Cross Print Size
arm-none-eabi-size --format=berkeley "Demo.elf"
   text	   data	    bss	    dec	    hex	filename
  17780	    144	  78316	  96240	  177f0	Demo.elf
Finished building: Demo.siz
 
17:29:52 **** Incremental Build of configuration Debug for project Demo ****
make all 
Invoking: GNU Arm Cross Print Size
arm-none-eabi-size --format=berkeley "Demo.elf"
   text	   data	    bss	    dec	    hex	filename
  17780	    144	  78316	  96240	  177f0	Demo.elf
Finished building: Demo.siz
 
18:30:46 **** Incremental Build of configuration Debug for project Demo ****
make all 
Invoking: GNU Arm Cross Print Size
arm-none-eabi-size --format=berkeley "Demo.elf"
   text	   data	    bss	    dec	    hex	filename
  17780	    144	  78316	  96240	  177f0	Demo.elf
Finished building: Demo.siz
 
13:05:59 **** Incremental Build of configuration Debug for project Demo ****
make all 
Building file: ../src/main.c
Invoking: GNU Arm Cross C Compiler
arm-none-eabi-gcc -mcpu=cortex-m4 -mthumb -mfloat-abi=softfp -mfpu=fpv4-sp-d16 -Og -fmessage-length=0 -fsigned-char -ffunction-sections -fdata-sections -fno-move-loop-invariants -Wall -Wextra -g3 -DDEBUG -DUSE_FULL_ASSERT -DOS_USE_SEMIHOSTING -DTRACE -DOS_USE_TRACE_SEMIHOSTING_DEBUG -DSTM32F407xx -DUSE_HAL_DRIVER -DHSE_VALUE=8000000 -I"../include" -I"C:\Users\moame\Documents\FreeRTOS project\Demo\FreeRTOS Source\include" -I"C:\Users\moame\Documents\FreeRTOS project\Demo\FreeRTOS Source\portable\GCC\ARM_CM4F" -I"../system/include" -I"../system/include/cmsis" -I"../system/include/stm32f4-hal" -std=gnu11 -MMD -MP -MF"src/main.d" -MT"src/main.o" -c -o "src/main.o" "../src/main.c"
../src/main.c: In function 'prvOneShotTimerCallback':
../src/main.c:131:52: warning: unused parameter 'xTimer' [-Wunused-parameter]
  131 | static void prvOneShotTimerCallback( TimerHandle_t xTimer )
      |                                      ~~~~~~~~~~~~~~^~~~~~
../src/main.c: In function 'prvAutoReloadTimerCallback':
../src/main.c:137:55: warning: unused parameter 'xTimer' [-Wunused-parameter]
  137 | static void prvAutoReloadTimerCallback( TimerHandle_t xTimer )
      |                                         ~~~~~~~~~~~~~~^~~~~~
Finished building: ../src/main.c
 
Building target: Demo.elf
Invoking: GNU Arm Cross C++ Linker
arm-none-eabi-g++ -mcpu=cortex-m4 -mthumb -mfloat-abi=softfp -mfpu=fpv4-sp-d16 -Og -fmessage-length=0 -fsigned-char -ffunction-sections -fdata-sections -fno-move-loop-invariants -Wall -Wextra -g3 -T mem.ld -T libs.ld -T sections.ld -nostartfiles -Xlinker --gc-sections -L"../ldscripts" -Wl,-Map,"Demo.map" --specs=nano.specs -o "Demo.elf" ./system/src/stm32f4-hal/stm32f4xx_hal.o ./system/src/stm32f4-hal/stm32f4xx_hal_cortex.o ./system/src/stm32f4-hal/stm32f4xx_hal_flash.o ./system/src/stm32f4-hal/stm32f4xx_hal_flash_ex.o ./system/src/stm32f4-hal/stm32f4xx_hal_flash_ramfunc.o ./system/src/stm32f4-hal/stm32f4xx_hal_gpio.o ./system/src/stm32f4-hal/stm32f4xx_hal_iwdg.o ./system/src/stm32f4-hal/stm32f4xx_hal_pwr.o ./system/src/stm32f4-hal/stm32f4xx_hal_rcc.o  ./system/src/newlib/assert.o ./system/src/newlib/cxx.o ./system/src/newlib/exit.o ./system/src/newlib/sbrk.o ./system/src/newlib/startup.o ./system/src/newlib/syscalls.o  ./system/src/diag/trace-impl.o ./system/src/diag/trace.o  ./system/src/cortexm/exception-handlers.o ./system/src/cortexm/initialize-hardware.o ./system/src/cortexm/reset-hardware.o  ./system/src/cmsis/system_stm32f4xx.o ./system/src/cmsis/vectors_stm32f407xx.o  ./src/initialize-hardware.o ./src/led.o ./src/main.o ./src/stm32f4xx_hal_msp.o ./src/write.o  ./FreeRTOS\ Source/portable/MemMang/heap_4.o  ./FreeRTOS\ Source/portable/GCC/ARM_CM4F/port.o  ./FreeRTOS\ Source/croutine.o ./FreeRTOS\ Source/event_groups.o ./FreeRTOS\ Source/list.o ./FreeRTOS\ Source/queue.o ./FreeRTOS\ Source/tasks.o ./FreeRTOS\ Source/timers.o   
C:/Users/moame/AppData/Roaming/xPacks/@xpack-dev-tools/arm-none-eabi-gcc/13.2.1-1.1.1/.content/bin/../lib/gcc/arm-none-eabi/13.2.1/../../../../arm-none-eabi/bin/ld.exe: warning: Demo.elf has a LOAD segment with RWX permissions
Finished building target: Demo.elf
 
Invoking: GNU Arm Cross Create Flash Image
arm-none-eabi-objcopy -O ihex "Demo.elf"  "Demo.hex"
Finished building: Demo.hex
 
Invoking: GNU Arm Cross Print Size
arm-none-eabi-size --format=berkeley "Demo.elf"
   text	   data	    bss	    dec	    hex	filename
  17780	    144	  78316	  96240	  177f0	Demo.elf
Finished building: Demo.siz
 
13:06:22 **** Incremental Build of configuration Debug for project Demo ****
make all 
Invoking: GNU Arm Cross Print Size
arm-none-eabi-size --format=berkeley "Demo.elf"
   text	   data	    bss	    dec	    hex	filename
  17780	    144	  78316	  96240	  177f0	Demo.elf
Finished building: Demo.siz
 
13:45:42 **** Incremental Build of configuration Debug for project Demo ****
make all 
Building file: ../src/main.c
Invoking: GNU Arm Cross C Compiler
arm-none-eabi-gcc -mcpu=cortex-m4 -mthumb -mfloat-abi=softfp -mfpu=fpv4-sp-d16 -Og -fmessage-length=0 -fsigned-char -ffunction-sections -fdata-sections -fno-move-loop-invariants -Wall -Wextra -g3 -DDEBUG -DUSE_FULL_ASSERT -DOS_USE_SEMIHOSTING -DTRACE -DOS_USE_TRACE_SEMIHOSTING_DEBUG -DSTM32F407xx -DUSE_HAL_DRIVER -DHSE_VALUE=8000000 -I"../include" -I"C:\Users\moame\Documents\FreeRTOS project\Demo\FreeRTOS Source\include" -I"C:\Users\moame\Documents\FreeRTOS project\Demo\FreeRTOS Source\portable\GCC\ARM_CM4F" -I"../system/include" -I"../system/include/cmsis" -I"../system/include/stm32f4-hal" -std=gnu11 -MMD -MP -MF"src/main.d" -MT"src/main.o" -c -o "src/main.o" "../src/main.c"
../src/main.c: In function 'SenderTask':
../src/main.c:52:17: warning: implicit declaration of function 'vPrintString' [-Wimplicit-function-declaration]
   52 |                 vPrintString( "Could not send to the queue.\r\n" );
      |                 ^~~~~~~~~~~~
../src/main.c: In function 'ReceiverTask':
../src/main.c:73:17: warning: implicit declaration of function 'Reset' [-Wimplicit-function-declaration]
   73 |                 Reset();
      |                 ^~~~~
../src/main.c:60:25: warning: unused parameter 'Parameters' [-Wunused-parameter]
   60 | void ReceiverTask(void *Parameters)
      |                   ~~~~~~^~~~~~~~~~
../src/main.c: In function 'ReceiverTimerCallback':
../src/main.c:91:42: warning: unused parameter 'xTimer' [-Wunused-parameter]
   91 | void ReceiverTimerCallback(TimerHandle_t xTimer)
      |                            ~~~~~~~~~~~~~~^~~~~~
../src/main.c: At top level:
../src/main.c:97:6: warning: conflicting types for 'Reset'; have 'void(void)'
   97 | void Reset(void)
      |      ^~~~~
../src/main.c:73:17: note: previous implicit declaration of 'Reset' with type 'void(void)'
   73 |                 Reset();
      |                 ^~~~~
../src/main.c: In function 'Reset':
../src/main.c:119:20: warning: comparison of integer expressions of different signedness: 'int' and 'unsigned int' [-Wsign-compare]
  119 |     if (timerIndex >= sizeof(senderTimerPeriodsLower) / sizeof(TickType_t))
      |                    ^~
../src/main.c: In function 'Init_Reset':
../src/main.c:155:24: warning: comparison of integer expressions of different signedness: 'int' and 'unsigned int' [-Wsign-compare]
  155 |         if (timerIndex >= sizeof(senderTimerPeriodsLower) / sizeof(TickType_t))
      |                        ^~
Finished building: ../src/main.c
 
Building target: Demo.elf
Invoking: GNU Arm Cross C++ Linker
arm-none-eabi-g++ -mcpu=cortex-m4 -mthumb -mfloat-abi=softfp -mfpu=fpv4-sp-d16 -Og -fmessage-length=0 -fsigned-char -ffunction-sections -fdata-sections -fno-move-loop-invariants -Wall -Wextra -g3 -T mem.ld -T libs.ld -T sections.ld -nostartfiles -Xlinker --gc-sections -L"../ldscripts" -Wl,-Map,"Demo.map" --specs=nano.specs -o "Demo.elf" ./system/src/stm32f4-hal/stm32f4xx_hal.o ./system/src/stm32f4-hal/stm32f4xx_hal_cortex.o ./system/src/stm32f4-hal/stm32f4xx_hal_flash.o ./system/src/stm32f4-hal/stm32f4xx_hal_flash_ex.o ./system/src/stm32f4-hal/stm32f4xx_hal_flash_ramfunc.o ./system/src/stm32f4-hal/stm32f4xx_hal_gpio.o ./system/src/stm32f4-hal/stm32f4xx_hal_iwdg.o ./system/src/stm32f4-hal/stm32f4xx_hal_pwr.o ./system/src/stm32f4-hal/stm32f4xx_hal_rcc.o  ./system/src/newlib/assert.o ./system/src/newlib/cxx.o ./system/src/newlib/exit.o ./system/src/newlib/sbrk.o ./system/src/newlib/startup.o ./system/src/newlib/syscalls.o  ./system/src/diag/trace-impl.o ./system/src/diag/trace.o  ./system/src/cortexm/exception-handlers.o ./system/src/cortexm/initialize-hardware.o ./system/src/cortexm/reset-hardware.o  ./system/src/cmsis/system_stm32f4xx.o ./system/src/cmsis/vectors_stm32f407xx.o  ./src/initialize-hardware.o ./src/led.o ./src/main.o ./src/stm32f4xx_hal_msp.o ./src/write.o  ./FreeRTOS\ Source/portable/MemMang/heap_4.o  ./FreeRTOS\ Source/portable/GCC/ARM_CM4F/port.o  ./FreeRTOS\ Source/croutine.o ./FreeRTOS\ Source/event_groups.o ./FreeRTOS\ Source/list.o ./FreeRTOS\ Source/queue.o ./FreeRTOS\ Source/tasks.o ./FreeRTOS\ Source/timers.o   
C:/Users/moame/AppData/Roaming/xPacks/@xpack-dev-tools/arm-none-eabi-gcc/13.2.1-1.1.1/.content/bin/../lib/gcc/arm-none-eabi/13.2.1/../../../../arm-none-eabi/bin/ld.exe: warning: Demo.elf has a LOAD segment with RWX permissions
C:/Users/moame/AppData/Roaming/xPacks/@xpack-dev-tools/arm-none-eabi-gcc/13.2.1-1.1.1/.content/bin/../lib/gcc/arm-none-eabi/13.2.1/../../../../arm-none-eabi/bin/ld.exe: ./src/main.o: in function `SenderTask':
C:\Users\moame\Documents\FreeRTOS project\Demo\Debug/../src/main.c:52:(.text.SenderTask+0x54): undefined reference to `vPrintString'
C:/Users/moame/AppData/Roaming/xPacks/@xpack-dev-tools/arm-none-eabi-gcc/13.2.1-1.1.1/.content/bin/../lib/gcc/arm-none-eabi/13.2.1/../../../../arm-none-eabi/bin/ld.exe: ./src/main.o: in function `ReceiverTask':
C:\Users\moame\Documents\FreeRTOS project\Demo\Debug/../src/main.c:78:(.text.ReceiverTask+0x8): undefined reference to `vPrintString'
C:/Users/moame/AppData/Roaming/xPacks/@xpack-dev-tools/arm-none-eabi-gcc/13.2.1-1.1.1/.content/bin/../lib/gcc/arm-none-eabi/13.2.1/../../../../arm-none-eabi/bin/ld.exe: ./FreeRTOS Source/portable/MemMang/heap_4.o: in function `pvPortMalloc':
C:\Users\moame\Documents\FreeRTOS project\Demo\Debug/../FreeRTOS Source/portable/MemMang/heap_4.c:291:(.text.pvPortMalloc+0x46): undefined reference to `vApplicationMallocFailedHook'
C:/Users/moame/AppData/Roaming/xPacks/@xpack-dev-tools/arm-none-eabi-gcc/13.2.1-1.1.1/.content/bin/../lib/gcc/arm-none-eabi/13.2.1/../../../../arm-none-eabi/bin/ld.exe: ./FreeRTOS Source/tasks.o: in function `xTaskIncrementTick':
C:\Users\moame\Documents\FreeRTOS project\Demo\Debug/../FreeRTOS Source/tasks.c:2632:(.text.xTaskIncrementTick+0x6e): undefined reference to `vApplicationTickHook'
C:/Users/moame/AppData/Roaming/xPacks/@xpack-dev-tools/arm-none-eabi-gcc/13.2.1-1.1.1/.content/bin/../lib/gcc/arm-none-eabi/13.2.1/../../../../arm-none-eabi/bin/ld.exe: C:\Users\moame\Documents\FreeRTOS project\Demo\Debug/../FreeRTOS Source/tasks.c:2649:(.text.xTaskIncrementTick+0xe8): undefined reference to `vApplicationTickHook'
C:/Users/moame/AppData/Roaming/xPacks/@xpack-dev-tools/arm-none-eabi-gcc/13.2.1-1.1.1/.content/bin/../lib/gcc/arm-none-eabi/13.2.1/../../../../arm-none-eabi/bin/ld.exe: ./FreeRTOS Source/tasks.o: in function `prvIdleTask':
C:\Users\moame\Documents\FreeRTOS project\Demo\Debug/../FreeRTOS Source/tasks.c:3186:(.text.prvIdleTask+0x18): undefined reference to `vApplicationIdleHook'
C:/Users/moame/AppData/Roaming/xPacks/@xpack-dev-tools/arm-none-eabi-gcc/13.2.1-1.1.1/.content/bin/../lib/gcc/arm-none-eabi/13.2.1/../../../../arm-none-eabi/bin/ld.exe: ./FreeRTOS Source/tasks.o: in function `vTaskSwitchContext':
C:\Users\moame\Documents\FreeRTOS project\Demo\Debug/../FreeRTOS Source/tasks.c:2802:(.text.vTaskSwitchContext+0x34): undefined reference to `vApplicationStackOverflowHook'
collect2.exe: error: ld returned 1 exit status
make: *** [makefile:93: Demo.elf] Error 1
"make all" terminated with exit code 2. Build might be incomplete.
13:47:53 **** Incremental Build of configuration Debug for project Demo ****
make all 
Building file: ../src/main.c
Invoking: GNU Arm Cross C Compiler
arm-none-eabi-gcc -mcpu=cortex-m4 -mthumb -mfloat-abi=softfp -mfpu=fpv4-sp-d16 -Og -fmessage-length=0 -fsigned-char -ffunction-sections -fdata-sections -fno-move-loop-invariants -Wall -Wextra -g3 -DDEBUG -DUSE_FULL_ASSERT -DOS_USE_SEMIHOSTING -DTRACE -DOS_USE_TRACE_SEMIHOSTING_DEBUG -DSTM32F407xx -DUSE_HAL_DRIVER -DHSE_VALUE=8000000 -I"../include" -I"C:\Users\moame\Documents\FreeRTOS project\Demo\FreeRTOS Source\include" -I"C:\Users\moame\Documents\FreeRTOS project\Demo\FreeRTOS Source\portable\GCC\ARM_CM4F" -I"../system/include" -I"../system/include/cmsis" -I"../system/include/stm32f4-hal" -std=gnu11 -MMD -MP -MF"src/main.d" -MT"src/main.o" -c -o "src/main.o" "../src/main.c"
../src/main.c: In function 'ReceiverTask':
../src/main.c:62:25: warning: unused parameter 'Parameters' [-Wunused-parameter]
   62 | void ReceiverTask(void *Parameters)
      |                   ~~~~~~^~~~~~~~~~
../src/main.c: In function 'ReceiverTimerCallback':
../src/main.c:93:42: warning: unused parameter 'xTimer' [-Wunused-parameter]
   93 | void ReceiverTimerCallback(TimerHandle_t xTimer)
      |                            ~~~~~~~~~~~~~~^~~~~~
../src/main.c: In function 'Reset':
../src/main.c:121:20: warning: comparison of integer expressions of different signedness: 'int' and 'unsigned int' [-Wsign-compare]
  121 |     if (timerIndex >= sizeof(senderTimerPeriodsLower) / sizeof(TickType_t))
      |                    ^~
../src/main.c: In function 'Init_Reset':
../src/main.c:157:24: warning: comparison of integer expressions of different signedness: 'int' and 'unsigned int' [-Wsign-compare]
  157 |         if (timerIndex >= sizeof(senderTimerPeriodsLower) / sizeof(TickType_t))
      |                        ^~
Finished building: ../src/main.c
 
Building target: Demo.elf
Invoking: GNU Arm Cross C++ Linker
arm-none-eabi-g++ -mcpu=cortex-m4 -mthumb -mfloat-abi=softfp -mfpu=fpv4-sp-d16 -Og -fmessage-length=0 -fsigned-char -ffunction-sections -fdata-sections -fno-move-loop-invariants -Wall -Wextra -g3 -T mem.ld -T libs.ld -T sections.ld -nostartfiles -Xlinker --gc-sections -L"../ldscripts" -Wl,-Map,"Demo.map" --specs=nano.specs -o "Demo.elf" ./system/src/stm32f4-hal/stm32f4xx_hal.o ./system/src/stm32f4-hal/stm32f4xx_hal_cortex.o ./system/src/stm32f4-hal/stm32f4xx_hal_flash.o ./system/src/stm32f4-hal/stm32f4xx_hal_flash_ex.o ./system/src/stm32f4-hal/stm32f4xx_hal_flash_ramfunc.o ./system/src/stm32f4-hal/stm32f4xx_hal_gpio.o ./system/src/stm32f4-hal/stm32f4xx_hal_iwdg.o ./system/src/stm32f4-hal/stm32f4xx_hal_pwr.o ./system/src/stm32f4-hal/stm32f4xx_hal_rcc.o  ./system/src/newlib/assert.o ./system/src/newlib/cxx.o ./system/src/newlib/exit.o ./system/src/newlib/sbrk.o ./system/src/newlib/startup.o ./system/src/newlib/syscalls.o  ./system/src/diag/trace-impl.o ./system/src/diag/trace.o  ./system/src/cortexm/exception-handlers.o ./system/src/cortexm/initialize-hardware.o ./system/src/cortexm/reset-hardware.o  ./system/src/cmsis/system_stm32f4xx.o ./system/src/cmsis/vectors_stm32f407xx.o  ./src/initialize-hardware.o ./src/led.o ./src/main.o ./src/stm32f4xx_hal_msp.o ./src/write.o  ./FreeRTOS\ Source/portable/MemMang/heap_4.o  ./FreeRTOS\ Source/portable/GCC/ARM_CM4F/port.o  ./FreeRTOS\ Source/croutine.o ./FreeRTOS\ Source/event_groups.o ./FreeRTOS\ Source/list.o ./FreeRTOS\ Source/queue.o ./FreeRTOS\ Source/tasks.o ./FreeRTOS\ Source/timers.o   
C:/Users/moame/AppData/Roaming/xPacks/@xpack-dev-tools/arm-none-eabi-gcc/13.2.1-1.1.1/.content/bin/../lib/gcc/arm-none-eabi/13.2.1/../../../../arm-none-eabi/bin/ld.exe: warning: Demo.elf has a LOAD segment with RWX permissions
C:/Users/moame/AppData/Roaming/xPacks/@xpack-dev-tools/arm-none-eabi-gcc/13.2.1-1.1.1/.content/bin/../lib/gcc/arm-none-eabi/13.2.1/../../../../arm-none-eabi/bin/ld.exe: ./FreeRTOS Source/portable/MemMang/heap_4.o: in function `pvPortMalloc':
C:\Users\moame\Documents\FreeRTOS project\Demo\Debug/../FreeRTOS Source/portable/MemMang/heap_4.c:291:(.text.pvPortMalloc+0x46): undefined reference to `vApplicationMallocFailedHook'
C:/Users/moame/AppData/Roaming/xPacks/@xpack-dev-tools/arm-none-eabi-gcc/13.2.1-1.1.1/.content/bin/../lib/gcc/arm-none-eabi/13.2.1/../../../../arm-none-eabi/bin/ld.exe: ./FreeRTOS Source/tasks.o: in function `xTaskIncrementTick':
C:\Users\moame\Documents\FreeRTOS project\Demo\Debug/../FreeRTOS Source/tasks.c:2632:(.text.xTaskIncrementTick+0x6e): undefined reference to `vApplicationTickHook'
C:/Users/moame/AppData/Roaming/xPacks/@xpack-dev-tools/arm-none-eabi-gcc/13.2.1-1.1.1/.content/bin/../lib/gcc/arm-none-eabi/13.2.1/../../../../arm-none-eabi/bin/ld.exe: C:\Users\moame\Documents\FreeRTOS project\Demo\Debug/../FreeRTOS Source/tasks.c:2649:(.text.xTaskIncrementTick+0xe8): undefined reference to `vApplicationTickHook'
C:/Users/moame/AppData/Roaming/xPacks/@xpack-dev-tools/arm-none-eabi-gcc/13.2.1-1.1.1/.content/bin/../lib/gcc/arm-none-eabi/13.2.1/../../../../arm-none-eabi/bin/ld.exe: ./FreeRTOS Source/tasks.o: in function `prvIdleTask':
C:\Users\moame\Documents\FreeRTOS project\Demo\Debug/../FreeRTOS Source/tasks.c:3186:(.text.prvIdleTask+0x18): undefined reference to `vApplicationIdleHook'
C:/Users/moame/AppData/Roaming/xPacks/@xpack-dev-tools/arm-none-eabi-gcc/13.2.1-1.1.1/.content/bin/../lib/gcc/arm-none-eabi/13.2.1/../../../../arm-none-eabi/bin/ld.exe: ./FreeRTOS Source/tasks.o: in function `vTaskSwitchContext':
C:\Users\moame\Documents\FreeRTOS project\Demo\Debug/../FreeRTOS Source/tasks.c:2802:(.text.vTaskSwitchContext+0x34): undefined reference to `vApplicationStackOverflowHook'
collect2.exe: error: ld returned 1 exit status
make: *** [makefile:93: Demo.elf] Error 1
"make all" terminated with exit code 2. Build might be incomplete.
13:55:24 **** Incremental Build of configuration Debug for project Demo ****
make all 
Building file: ../src/main.c
Invoking: GNU Arm Cross C Compiler
arm-none-eabi-gcc -mcpu=cortex-m4 -mthumb -mfloat-abi=softfp -mfpu=fpv4-sp-d16 -Og -fmessage-length=0 -fsigned-char -ffunction-sections -fdata-sections -fno-move-loop-invariants -Wall -Wextra -g3 -DDEBUG -DUSE_FULL_ASSERT -DOS_USE_SEMIHOSTING -DTRACE -DOS_USE_TRACE_SEMIHOSTING_DEBUG -DSTM32F407xx -DUSE_HAL_DRIVER -DHSE_VALUE=8000000 -I"../include" -I"C:\Users\moame\Documents\FreeRTOS project\Demo\FreeRTOS Source\include" -I"C:\Users\moame\Documents\FreeRTOS project\Demo\FreeRTOS Source\portable\GCC\ARM_CM4F" -I"../system/include" -I"../system/include/cmsis" -I"../system/include/stm32f4-hal" -std=gnu11 -MMD -MP -MF"src/main.d" -MT"src/main.o" -c -o "src/main.o" "../src/main.c"
../src/main.c: In function 'ReceiverTask':
../src/main.c:62:25: warning: unused parameter 'Parameters' [-Wunused-parameter]
   62 | void ReceiverTask(void *Parameters)
      |                   ~~~~~~^~~~~~~~~~
../src/main.c: In function 'ReceiverTimerCallback':
../src/main.c:93:42: warning: unused parameter 'xTimer' [-Wunused-parameter]
   93 | void ReceiverTimerCallback(TimerHandle_t xTimer)
      |                            ~~~~~~~~~~~~~~^~~~~~
../src/main.c: In function 'Reset':
../src/main.c:121:20: warning: comparison of integer expressions of different signedness: 'int' and 'unsigned int' [-Wsign-compare]
  121 |     if (timerIndex >= sizeof(senderTimerPeriodsLower) / sizeof(TickType_t))
      |                    ^~
../src/main.c: In function 'Init_Reset':
../src/main.c:157:24: warning: comparison of integer expressions of different signedness: 'int' and 'unsigned int' [-Wsign-compare]
  157 |         if (timerIndex >= sizeof(senderTimerPeriodsLower) / sizeof(TickType_t))
      |                        ^~
Finished building: ../src/main.c
 
Building file: ../FreeRTOS Source/portable/MemMang/heap_4.c
Invoking: GNU Arm Cross C Compiler
arm-none-eabi-gcc -mcpu=cortex-m4 -mthumb -mfloat-abi=softfp -mfpu=fpv4-sp-d16 -Og -fmessage-length=0 -fsigned-char -ffunction-sections -fdata-sections -fno-move-loop-invariants -Wall -Wextra -g3 -DDEBUG -DUSE_FULL_ASSERT -DOS_USE_SEMIHOSTING -DTRACE -DOS_USE_TRACE_SEMIHOSTING_DEBUG -DSTM32F407xx -DUSE_HAL_DRIVER -DHSE_VALUE=8000000 -I"../include" -I"C:\Users\moame\Documents\FreeRTOS project\Demo\FreeRTOS Source\include" -I"C:\Users\moame\Documents\FreeRTOS project\Demo\FreeRTOS Source\portable\GCC\ARM_CM4F" -I"../system/include" -I"../system/include/cmsis" -I"../system/include/stm32f4-hal" -std=gnu11 -MMD -MP -MF"FreeRTOS Source/portable/MemMang/heap_4.d" -MT"FreeRTOS Source/portable/MemMang/heap_4.o" -c -o "FreeRTOS Source/portable/MemMang/heap_4.o" "../FreeRTOS Source/portable/MemMang/heap_4.c"
Finished building: ../FreeRTOS Source/portable/MemMang/heap_4.c
 
Building file: ../FreeRTOS Source/portable/GCC/ARM_CM4F/port.c
Invoking: GNU Arm Cross C Compiler
arm-none-eabi-gcc -mcpu=cortex-m4 -mthumb -mfloat-abi=softfp -mfpu=fpv4-sp-d16 -Og -fmessage-length=0 -fsigned-char -ffunction-sections -fdata-sections -fno-move-loop-invariants -Wall -Wextra -g3 -DDEBUG -DUSE_FULL_ASSERT -DOS_USE_SEMIHOSTING -DTRACE -DOS_USE_TRACE_SEMIHOSTING_DEBUG -DSTM32F407xx -DUSE_HAL_DRIVER -DHSE_VALUE=8000000 -I"../include" -I"C:\Users\moame\Documents\FreeRTOS project\Demo\FreeRTOS Source\include" -I"C:\Users\moame\Documents\FreeRTOS project\Demo\FreeRTOS Source\portable\GCC\ARM_CM4F" -I"../system/include" -I"../system/include/cmsis" -I"../system/include/stm32f4-hal" -std=gnu11 -MMD -MP -MF"FreeRTOS Source/portable/GCC/ARM_CM4F/port.d" -MT"FreeRTOS Source/portable/GCC/ARM_CM4F/port.o" -c -o "FreeRTOS Source/portable/GCC/ARM_CM4F/port.o" "../FreeRTOS Source/portable/GCC/ARM_CM4F/port.c"
../FreeRTOS Source/portable/GCC/ARM_CM4F/port.c:689:13: warning: 'vPortEnableVFP' defined but not used [-Wunused-function]
  689 | static void vPortEnableVFP( void )
      |             ^~~~~~~~~~~~~~
Finished building: ../FreeRTOS Source/portable/GCC/ARM_CM4F/port.c
 
Building file: ../FreeRTOS Source/croutine.c
Invoking: GNU Arm Cross C Compiler
arm-none-eabi-gcc -mcpu=cortex-m4 -mthumb -mfloat-abi=softfp -mfpu=fpv4-sp-d16 -Og -fmessage-length=0 -fsigned-char -ffunction-sections -fdata-sections -fno-move-loop-invariants -Wall -Wextra -g3 -DDEBUG -DUSE_FULL_ASSERT -DOS_USE_SEMIHOSTING -DTRACE -DOS_USE_TRACE_SEMIHOSTING_DEBUG -DSTM32F407xx -DUSE_HAL_DRIVER -DHSE_VALUE=8000000 -I"../include" -I"C:\Users\moame\Documents\FreeRTOS project\Demo\FreeRTOS Source\include" -I"C:\Users\moame\Documents\FreeRTOS project\Demo\FreeRTOS Source\portable\GCC\ARM_CM4F" -I"../system/include" -I"../system/include/cmsis" -I"../system/include/stm32f4-hal" -std=gnu11 -MMD -MP -MF"FreeRTOS Source/croutine.d" -MT"FreeRTOS Source/croutine.o" -c -o "FreeRTOS Source/croutine.o" "../FreeRTOS Source/croutine.c"
Finished building: ../FreeRTOS Source/croutine.c
 
Building file: ../FreeRTOS Source/event_groups.c
Invoking: GNU Arm Cross C Compiler
arm-none-eabi-gcc -mcpu=cortex-m4 -mthumb -mfloat-abi=softfp -mfpu=fpv4-sp-d16 -Og -fmessage-length=0 -fsigned-char -ffunction-sections -fdata-sections -fno-move-loop-invariants -Wall -Wextra -g3 -DDEBUG -DUSE_FULL_ASSERT -DOS_USE_SEMIHOSTING -DTRACE -DOS_USE_TRACE_SEMIHOSTING_DEBUG -DSTM32F407xx -DUSE_HAL_DRIVER -DHSE_VALUE=8000000 -I"../include" -I"C:\Users\moame\Documents\FreeRTOS project\Demo\FreeRTOS Source\include" -I"C:\Users\moame\Documents\FreeRTOS project\Demo\FreeRTOS Source\portable\GCC\ARM_CM4F" -I"../system/include" -I"../system/include/cmsis" -I"../system/include/stm32f4-hal" -std=gnu11 -MMD -MP -MF"FreeRTOS Source/event_groups.d" -MT"FreeRTOS Source/event_groups.o" -c -o "FreeRTOS Source/event_groups.o" "../FreeRTOS Source/event_groups.c"
Finished building: ../FreeRTOS Source/event_groups.c
 
Building file: ../FreeRTOS Source/list.c
Invoking: GNU Arm Cross C Compiler
arm-none-eabi-gcc -mcpu=cortex-m4 -mthumb -mfloat-abi=softfp -mfpu=fpv4-sp-d16 -Og -fmessage-length=0 -fsigned-char -ffunction-sections -fdata-sections -fno-move-loop-invariants -Wall -Wextra -g3 -DDEBUG -DUSE_FULL_ASSERT -DOS_USE_SEMIHOSTING -DTRACE -DOS_USE_TRACE_SEMIHOSTING_DEBUG -DSTM32F407xx -DUSE_HAL_DRIVER -DHSE_VALUE=8000000 -I"../include" -I"C:\Users\moame\Documents\FreeRTOS project\Demo\FreeRTOS Source\include" -I"C:\Users\moame\Documents\FreeRTOS project\Demo\FreeRTOS Source\portable\GCC\ARM_CM4F" -I"../system/include" -I"../system/include/cmsis" -I"../system/include/stm32f4-hal" -std=gnu11 -MMD -MP -MF"FreeRTOS Source/list.d" -MT"FreeRTOS Source/list.o" -c -o "FreeRTOS Source/list.o" "../FreeRTOS Source/list.c"
Finished building: ../FreeRTOS Source/list.c
 
Building file: ../FreeRTOS Source/queue.c
Invoking: GNU Arm Cross C Compiler
arm-none-eabi-gcc -mcpu=cortex-m4 -mthumb -mfloat-abi=softfp -mfpu=fpv4-sp-d16 -Og -fmessage-length=0 -fsigned-char -ffunction-sections -fdata-sections -fno-move-loop-invariants -Wall -Wextra -g3 -DDEBUG -DUSE_FULL_ASSERT -DOS_USE_SEMIHOSTING -DTRACE -DOS_USE_TRACE_SEMIHOSTING_DEBUG -DSTM32F407xx -DUSE_HAL_DRIVER -DHSE_VALUE=8000000 -I"../include" -I"C:\Users\moame\Documents\FreeRTOS project\Demo\FreeRTOS Source\include" -I"C:\Users\moame\Documents\FreeRTOS project\Demo\FreeRTOS Source\portable\GCC\ARM_CM4F" -I"../system/include" -I"../system/include/cmsis" -I"../system/include/stm32f4-hal" -std=gnu11 -MMD -MP -MF"FreeRTOS Source/queue.d" -MT"FreeRTOS Source/queue.o" -c -o "FreeRTOS Source/queue.o" "../FreeRTOS Source/queue.c"
Finished building: ../FreeRTOS Source/queue.c
 
Building file: ../FreeRTOS Source/tasks.c
Invoking: GNU Arm Cross C Compiler
arm-none-eabi-gcc -mcpu=cortex-m4 -mthumb -mfloat-abi=softfp -mfpu=fpv4-sp-d16 -Og -fmessage-length=0 -fsigned-char -ffunction-sections -fdata-sections -fno-move-loop-invariants -Wall -Wextra -g3 -DDEBUG -DUSE_FULL_ASSERT -DOS_USE_SEMIHOSTING -DTRACE -DOS_USE_TRACE_SEMIHOSTING_DEBUG -DSTM32F407xx -DUSE_HAL_DRIVER -DHSE_VALUE=8000000 -I"../include" -I"C:\Users\moame\Documents\FreeRTOS project\Demo\FreeRTOS Source\include" -I"C:\Users\moame\Documents\FreeRTOS project\Demo\FreeRTOS Source\portable\GCC\ARM_CM4F" -I"../system/include" -I"../system/include/cmsis" -I"../system/include/stm32f4-hal" -std=gnu11 -MMD -MP -MF"FreeRTOS Source/tasks.d" -MT"FreeRTOS Source/tasks.o" -c -o "FreeRTOS Source/tasks.o" "../FreeRTOS Source/tasks.c"
Finished building: ../FreeRTOS Source/tasks.c
 
Building file: ../FreeRTOS Source/timers.c
Invoking: GNU Arm Cross C Compiler
arm-none-eabi-gcc -mcpu=cortex-m4 -mthumb -mfloat-abi=softfp -mfpu=fpv4-sp-d16 -Og -fmessage-length=0 -fsigned-char -ffunction-sections -fdata-sections -fno-move-loop-invariants -Wall -Wextra -g3 -DDEBUG -DUSE_FULL_ASSERT -DOS_USE_SEMIHOSTING -DTRACE -DOS_USE_TRACE_SEMIHOSTING_DEBUG -DSTM32F407xx -DUSE_HAL_DRIVER -DHSE_VALUE=8000000 -I"../include" -I"C:\Users\moame\Documents\FreeRTOS project\Demo\FreeRTOS Source\include" -I"C:\Users\moame\Documents\FreeRTOS project\Demo\FreeRTOS Source\portable\GCC\ARM_CM4F" -I"../system/include" -I"../system/include/cmsis" -I"../system/include/stm32f4-hal" -std=gnu11 -MMD -MP -MF"FreeRTOS Source/timers.d" -MT"FreeRTOS Source/timers.o" -c -o "FreeRTOS Source/timers.o" "../FreeRTOS Source/timers.c"
Finished building: ../FreeRTOS Source/timers.c
 
Building target: Demo.elf
Invoking: GNU Arm Cross C++ Linker
arm-none-eabi-g++ -mcpu=cortex-m4 -mthumb -mfloat-abi=softfp -mfpu=fpv4-sp-d16 -Og -fmessage-length=0 -fsigned-char -ffunction-sections -fdata-sections -fno-move-loop-invariants -Wall -Wextra -g3 -T mem.ld -T libs.ld -T sections.ld -nostartfiles -Xlinker --gc-sections -L"../ldscripts" -Wl,-Map,"Demo.map" --specs=nano.specs -o "Demo.elf" ./system/src/stm32f4-hal/stm32f4xx_hal.o ./system/src/stm32f4-hal/stm32f4xx_hal_cortex.o ./system/src/stm32f4-hal/stm32f4xx_hal_flash.o ./system/src/stm32f4-hal/stm32f4xx_hal_flash_ex.o ./system/src/stm32f4-hal/stm32f4xx_hal_flash_ramfunc.o ./system/src/stm32f4-hal/stm32f4xx_hal_gpio.o ./system/src/stm32f4-hal/stm32f4xx_hal_iwdg.o ./system/src/stm32f4-hal/stm32f4xx_hal_pwr.o ./system/src/stm32f4-hal/stm32f4xx_hal_rcc.o  ./system/src/newlib/assert.o ./system/src/newlib/cxx.o ./system/src/newlib/exit.o ./system/src/newlib/sbrk.o ./system/src/newlib/startup.o ./system/src/newlib/syscalls.o  ./system/src/diag/trace-impl.o ./system/src/diag/trace.o  ./system/src/cortexm/exception-handlers.o ./system/src/cortexm/initialize-hardware.o ./system/src/cortexm/reset-hardware.o  ./system/src/cmsis/system_stm32f4xx.o ./system/src/cmsis/vectors_stm32f407xx.o  ./src/initialize-hardware.o ./src/led.o ./src/main.o ./src/stm32f4xx_hal_msp.o ./src/write.o  ./FreeRTOS\ Source/portable/MemMang/heap_4.o  ./FreeRTOS\ Source/portable/GCC/ARM_CM4F/port.o  ./FreeRTOS\ Source/croutine.o ./FreeRTOS\ Source/event_groups.o ./FreeRTOS\ Source/list.o ./FreeRTOS\ Source/queue.o ./FreeRTOS\ Source/tasks.o ./FreeRTOS\ Source/timers.o   
C:/Users/moame/AppData/Roaming/xPacks/@xpack-dev-tools/arm-none-eabi-gcc/13.2.1-1.1.1/.content/bin/../lib/gcc/arm-none-eabi/13.2.1/../../../../arm-none-eabi/bin/ld.exe: warning: Demo.elf has a LOAD segment with RWX permissions
C:/Users/moame/AppData/Roaming/xPacks/@xpack-dev-tools/arm-none-eabi-gcc/13.2.1-1.1.1/.content/bin/../lib/gcc/arm-none-eabi/13.2.1/../../../../arm-none-eabi/bin/ld.exe: ./FreeRTOS Source/portable/MemMang/heap_4.o: in function `pvPortMalloc':
C:\Users\moame\Documents\FreeRTOS project\Demo\Debug/../FreeRTOS Source/portable/MemMang/heap_4.c:291:(.text.pvPortMalloc+0x46): undefined reference to `vApplicationMallocFailedHook'
C:/Users/moame/AppData/Roaming/xPacks/@xpack-dev-tools/arm-none-eabi-gcc/13.2.1-1.1.1/.content/bin/../lib/gcc/arm-none-eabi/13.2.1/../../../../arm-none-eabi/bin/ld.exe: ./FreeRTOS Source/tasks.o: in function `xTaskIncrementTick':
C:\Users\moame\Documents\FreeRTOS project\Demo\Debug/../FreeRTOS Source/tasks.c:2632:(.text.xTaskIncrementTick+0x6e): undefined reference to `vApplicationTickHook'
C:/Users/moame/AppData/Roaming/xPacks/@xpack-dev-tools/arm-none-eabi-gcc/13.2.1-1.1.1/.content/bin/../lib/gcc/arm-none-eabi/13.2.1/../../../../arm-none-eabi/bin/ld.exe: C:\Users\moame\Documents\FreeRTOS project\Demo\Debug/../FreeRTOS Source/tasks.c:2649:(.text.xTaskIncrementTick+0xe8): undefined reference to `vApplicationTickHook'
C:/Users/moame/AppData/Roaming/xPacks/@xpack-dev-tools/arm-none-eabi-gcc/13.2.1-1.1.1/.content/bin/../lib/gcc/arm-none-eabi/13.2.1/../../../../arm-none-eabi/bin/ld.exe: ./FreeRTOS Source/tasks.o: in function `prvIdleTask':
C:\Users\moame\Documents\FreeRTOS project\Demo\Debug/../FreeRTOS Source/tasks.c:3186:(.text.prvIdleTask+0x18): undefined reference to `vApplicationIdleHook'
C:/Users/moame/AppData/Roaming/xPacks/@xpack-dev-tools/arm-none-eabi-gcc/13.2.1-1.1.1/.content/bin/../lib/gcc/arm-none-eabi/13.2.1/../../../../arm-none-eabi/bin/ld.exe: ./FreeRTOS Source/tasks.o: in function `vTaskSwitchContext':
C:\Users\moame\Documents\FreeRTOS project\Demo\Debug/../FreeRTOS Source/tasks.c:2802:(.text.vTaskSwitchContext+0x34): undefined reference to `vApplicationStackOverflowHook'
collect2.exe: error: ld returned 1 exit status
make: *** [makefile:93: Demo.elf] Error 1
"make all" terminated with exit code 2. Build might be incomplete.
13:55:42 **** Incremental Build of configuration Debug for project Demo ****
make all 
Building file: ../src/main.c
Invoking: GNU Arm Cross C Compiler
arm-none-eabi-gcc -mcpu=cortex-m4 -mthumb -mfloat-abi=softfp -mfpu=fpv4-sp-d16 -Og -fmessage-length=0 -fsigned-char -ffunction-sections -fdata-sections -fno-move-loop-invariants -Wall -Wextra -g3 -DDEBUG -DUSE_FULL_ASSERT -DOS_USE_SEMIHOSTING -DTRACE -DOS_USE_TRACE_SEMIHOSTING_DEBUG -DSTM32F407xx -DUSE_HAL_DRIVER -DHSE_VALUE=8000000 -I"../include" -I"C:\Users\moame\Documents\FreeRTOS project\Demo\FreeRTOS Source\include" -I"C:\Users\moame\Documents\FreeRTOS project\Demo\FreeRTOS Source\portable\GCC\ARM_CM4F" -I"../system/include" -I"../system/include/cmsis" -I"../system/include/stm32f4-hal" -std=gnu11 -MMD -MP -MF"src/main.d" -MT"src/main.o" -c -o "src/main.o" "../src/main.c"
../src/main.c: In function 'ReceiverTask':
../src/main.c:62:25: warning: unused parameter 'Parameters' [-Wunused-parameter]
   62 | void ReceiverTask(void *Parameters)
      |                   ~~~~~~^~~~~~~~~~
../src/main.c: In function 'ReceiverTimerCallback':
../src/main.c:93:42: warning: unused parameter 'xTimer' [-Wunused-parameter]
   93 | void ReceiverTimerCallback(TimerHandle_t xTimer)
      |                            ~~~~~~~~~~~~~~^~~~~~
../src/main.c: In function 'Reset':
../src/main.c:121:20: warning: comparison of integer expressions of different signedness: 'int' and 'unsigned int' [-Wsign-compare]
  121 |     if (timerIndex >= sizeof(senderTimerPeriodsLower) / sizeof(TickType_t))
      |                    ^~
../src/main.c: In function 'Init_Reset':
../src/main.c:157:24: warning: comparison of integer expressions of different signedness: 'int' and 'unsigned int' [-Wsign-compare]
  157 |         if (timerIndex >= sizeof(senderTimerPeriodsLower) / sizeof(TickType_t))
      |                        ^~
Finished building: ../src/main.c
 
Building file: ../FreeRTOS Source/portable/MemMang/heap_4.c
Invoking: GNU Arm Cross C Compiler
arm-none-eabi-gcc -mcpu=cortex-m4 -mthumb -mfloat-abi=softfp -mfpu=fpv4-sp-d16 -Og -fmessage-length=0 -fsigned-char -ffunction-sections -fdata-sections -fno-move-loop-invariants -Wall -Wextra -g3 -DDEBUG -DUSE_FULL_ASSERT -DOS_USE_SEMIHOSTING -DTRACE -DOS_USE_TRACE_SEMIHOSTING_DEBUG -DSTM32F407xx -DUSE_HAL_DRIVER -DHSE_VALUE=8000000 -I"../include" -I"C:\Users\moame\Documents\FreeRTOS project\Demo\FreeRTOS Source\include" -I"C:\Users\moame\Documents\FreeRTOS project\Demo\FreeRTOS Source\portable\GCC\ARM_CM4F" -I"../system/include" -I"../system/include/cmsis" -I"../system/include/stm32f4-hal" -std=gnu11 -MMD -MP -MF"FreeRTOS Source/portable/MemMang/heap_4.d" -MT"FreeRTOS Source/portable/MemMang/heap_4.o" -c -o "FreeRTOS Source/portable/MemMang/heap_4.o" "../FreeRTOS Source/portable/MemMang/heap_4.c"
Finished building: ../FreeRTOS Source/portable/MemMang/heap_4.c
 
Building file: ../FreeRTOS Source/portable/GCC/ARM_CM4F/port.c
Invoking: GNU Arm Cross C Compiler
arm-none-eabi-gcc -mcpu=cortex-m4 -mthumb -mfloat-abi=softfp -mfpu=fpv4-sp-d16 -Og -fmessage-length=0 -fsigned-char -ffunction-sections -fdata-sections -fno-move-loop-invariants -Wall -Wextra -g3 -DDEBUG -DUSE_FULL_ASSERT -DOS_USE_SEMIHOSTING -DTRACE -DOS_USE_TRACE_SEMIHOSTING_DEBUG -DSTM32F407xx -DUSE_HAL_DRIVER -DHSE_VALUE=8000000 -I"../include" -I"C:\Users\moame\Documents\FreeRTOS project\Demo\FreeRTOS Source\include" -I"C:\Users\moame\Documents\FreeRTOS project\Demo\FreeRTOS Source\portable\GCC\ARM_CM4F" -I"../system/include" -I"../system/include/cmsis" -I"../system/include/stm32f4-hal" -std=gnu11 -MMD -MP -MF"FreeRTOS Source/portable/GCC/ARM_CM4F/port.d" -MT"FreeRTOS Source/portable/GCC/ARM_CM4F/port.o" -c -o "FreeRTOS Source/portable/GCC/ARM_CM4F/port.o" "../FreeRTOS Source/portable/GCC/ARM_CM4F/port.c"
../FreeRTOS Source/portable/GCC/ARM_CM4F/port.c:689:13: warning: 'vPortEnableVFP' defined but not used [-Wunused-function]
  689 | static void vPortEnableVFP( void )
      |             ^~~~~~~~~~~~~~
Finished building: ../FreeRTOS Source/portable/GCC/ARM_CM4F/port.c
 
Building file: ../FreeRTOS Source/croutine.c
Invoking: GNU Arm Cross C Compiler
arm-none-eabi-gcc -mcpu=cortex-m4 -mthumb -mfloat-abi=softfp -mfpu=fpv4-sp-d16 -Og -fmessage-length=0 -fsigned-char -ffunction-sections -fdata-sections -fno-move-loop-invariants -Wall -Wextra -g3 -DDEBUG -DUSE_FULL_ASSERT -DOS_USE_SEMIHOSTING -DTRACE -DOS_USE_TRACE_SEMIHOSTING_DEBUG -DSTM32F407xx -DUSE_HAL_DRIVER -DHSE_VALUE=8000000 -I"../include" -I"C:\Users\moame\Documents\FreeRTOS project\Demo\FreeRTOS Source\include" -I"C:\Users\moame\Documents\FreeRTOS project\Demo\FreeRTOS Source\portable\GCC\ARM_CM4F" -I"../system/include" -I"../system/include/cmsis" -I"../system/include/stm32f4-hal" -std=gnu11 -MMD -MP -MF"FreeRTOS Source/croutine.d" -MT"FreeRTOS Source/croutine.o" -c -o "FreeRTOS Source/croutine.o" "../FreeRTOS Source/croutine.c"
Finished building: ../FreeRTOS Source/croutine.c
 
Building file: ../FreeRTOS Source/event_groups.c
Invoking: GNU Arm Cross C Compiler
arm-none-eabi-gcc -mcpu=cortex-m4 -mthumb -mfloat-abi=softfp -mfpu=fpv4-sp-d16 -Og -fmessage-length=0 -fsigned-char -ffunction-sections -fdata-sections -fno-move-loop-invariants -Wall -Wextra -g3 -DDEBUG -DUSE_FULL_ASSERT -DOS_USE_SEMIHOSTING -DTRACE -DOS_USE_TRACE_SEMIHOSTING_DEBUG -DSTM32F407xx -DUSE_HAL_DRIVER -DHSE_VALUE=8000000 -I"../include" -I"C:\Users\moame\Documents\FreeRTOS project\Demo\FreeRTOS Source\include" -I"C:\Users\moame\Documents\FreeRTOS project\Demo\FreeRTOS Source\portable\GCC\ARM_CM4F" -I"../system/include" -I"../system/include/cmsis" -I"../system/include/stm32f4-hal" -std=gnu11 -MMD -MP -MF"FreeRTOS Source/event_groups.d" -MT"FreeRTOS Source/event_groups.o" -c -o "FreeRTOS Source/event_groups.o" "../FreeRTOS Source/event_groups.c"
Finished building: ../FreeRTOS Source/event_groups.c
 
Building file: ../FreeRTOS Source/list.c
Invoking: GNU Arm Cross C Compiler
arm-none-eabi-gcc -mcpu=cortex-m4 -mthumb -mfloat-abi=softfp -mfpu=fpv4-sp-d16 -Og -fmessage-length=0 -fsigned-char -ffunction-sections -fdata-sections -fno-move-loop-invariants -Wall -Wextra -g3 -DDEBUG -DUSE_FULL_ASSERT -DOS_USE_SEMIHOSTING -DTRACE -DOS_USE_TRACE_SEMIHOSTING_DEBUG -DSTM32F407xx -DUSE_HAL_DRIVER -DHSE_VALUE=8000000 -I"../include" -I"C:\Users\moame\Documents\FreeRTOS project\Demo\FreeRTOS Source\include" -I"C:\Users\moame\Documents\FreeRTOS project\Demo\FreeRTOS Source\portable\GCC\ARM_CM4F" -I"../system/include" -I"../system/include/cmsis" -I"../system/include/stm32f4-hal" -std=gnu11 -MMD -MP -MF"FreeRTOS Source/list.d" -MT"FreeRTOS Source/list.o" -c -o "FreeRTOS Source/list.o" "../FreeRTOS Source/list.c"
Finished building: ../FreeRTOS Source/list.c
 
Building file: ../FreeRTOS Source/queue.c
Invoking: GNU Arm Cross C Compiler
arm-none-eabi-gcc -mcpu=cortex-m4 -mthumb -mfloat-abi=softfp -mfpu=fpv4-sp-d16 -Og -fmessage-length=0 -fsigned-char -ffunction-sections -fdata-sections -fno-move-loop-invariants -Wall -Wextra -g3 -DDEBUG -DUSE_FULL_ASSERT -DOS_USE_SEMIHOSTING -DTRACE -DOS_USE_TRACE_SEMIHOSTING_DEBUG -DSTM32F407xx -DUSE_HAL_DRIVER -DHSE_VALUE=8000000 -I"../include" -I"C:\Users\moame\Documents\FreeRTOS project\Demo\FreeRTOS Source\include" -I"C:\Users\moame\Documents\FreeRTOS project\Demo\FreeRTOS Source\portable\GCC\ARM_CM4F" -I"../system/include" -I"../system/include/cmsis" -I"../system/include/stm32f4-hal" -std=gnu11 -MMD -MP -MF"FreeRTOS Source/queue.d" -MT"FreeRTOS Source/queue.o" -c -o "FreeRTOS Source/queue.o" "../FreeRTOS Source/queue.c"
Finished building: ../FreeRTOS Source/queue.c
 
Building file: ../FreeRTOS Source/tasks.c
Invoking: GNU Arm Cross C Compiler
arm-none-eabi-gcc -mcpu=cortex-m4 -mthumb -mfloat-abi=softfp -mfpu=fpv4-sp-d16 -Og -fmessage-length=0 -fsigned-char -ffunction-sections -fdata-sections -fno-move-loop-invariants -Wall -Wextra -g3 -DDEBUG -DUSE_FULL_ASSERT -DOS_USE_SEMIHOSTING -DTRACE -DOS_USE_TRACE_SEMIHOSTING_DEBUG -DSTM32F407xx -DUSE_HAL_DRIVER -DHSE_VALUE=8000000 -I"../include" -I"C:\Users\moame\Documents\FreeRTOS project\Demo\FreeRTOS Source\include" -I"C:\Users\moame\Documents\FreeRTOS project\Demo\FreeRTOS Source\portable\GCC\ARM_CM4F" -I"../system/include" -I"../system/include/cmsis" -I"../system/include/stm32f4-hal" -std=gnu11 -MMD -MP -MF"FreeRTOS Source/tasks.d" -MT"FreeRTOS Source/tasks.o" -c -o "FreeRTOS Source/tasks.o" "../FreeRTOS Source/tasks.c"
Finished building: ../FreeRTOS Source/tasks.c
 
Building file: ../FreeRTOS Source/timers.c
Invoking: GNU Arm Cross C Compiler
arm-none-eabi-gcc -mcpu=cortex-m4 -mthumb -mfloat-abi=softfp -mfpu=fpv4-sp-d16 -Og -fmessage-length=0 -fsigned-char -ffunction-sections -fdata-sections -fno-move-loop-invariants -Wall -Wextra -g3 -DDEBUG -DUSE_FULL_ASSERT -DOS_USE_SEMIHOSTING -DTRACE -DOS_USE_TRACE_SEMIHOSTING_DEBUG -DSTM32F407xx -DUSE_HAL_DRIVER -DHSE_VALUE=8000000 -I"../include" -I"C:\Users\moame\Documents\FreeRTOS project\Demo\FreeRTOS Source\include" -I"C:\Users\moame\Documents\FreeRTOS project\Demo\FreeRTOS Source\portable\GCC\ARM_CM4F" -I"../system/include" -I"../system/include/cmsis" -I"../system/include/stm32f4-hal" -std=gnu11 -MMD -MP -MF"FreeRTOS Source/timers.d" -MT"FreeRTOS Source/timers.o" -c -o "FreeRTOS Source/timers.o" "../FreeRTOS Source/timers.c"
Finished building: ../FreeRTOS Source/timers.c
 
Building target: Demo.elf
Invoking: GNU Arm Cross C++ Linker
arm-none-eabi-g++ -mcpu=cortex-m4 -mthumb -mfloat-abi=softfp -mfpu=fpv4-sp-d16 -Og -fmessage-length=0 -fsigned-char -ffunction-sections -fdata-sections -fno-move-loop-invariants -Wall -Wextra -g3 -T mem.ld -T libs.ld -T sections.ld -nostartfiles -Xlinker --gc-sections -L"../ldscripts" -Wl,-Map,"Demo.map" --specs=nano.specs -o "Demo.elf" ./system/src/stm32f4-hal/stm32f4xx_hal.o ./system/src/stm32f4-hal/stm32f4xx_hal_cortex.o ./system/src/stm32f4-hal/stm32f4xx_hal_flash.o ./system/src/stm32f4-hal/stm32f4xx_hal_flash_ex.o ./system/src/stm32f4-hal/stm32f4xx_hal_flash_ramfunc.o ./system/src/stm32f4-hal/stm32f4xx_hal_gpio.o ./system/src/stm32f4-hal/stm32f4xx_hal_iwdg.o ./system/src/stm32f4-hal/stm32f4xx_hal_pwr.o ./system/src/stm32f4-hal/stm32f4xx_hal_rcc.o  ./system/src/newlib/assert.o ./system/src/newlib/cxx.o ./system/src/newlib/exit.o ./system/src/newlib/sbrk.o ./system/src/newlib/startup.o ./system/src/newlib/syscalls.o  ./system/src/diag/trace-impl.o ./system/src/diag/trace.o  ./system/src/cortexm/exception-handlers.o ./system/src/cortexm/initialize-hardware.o ./system/src/cortexm/reset-hardware.o  ./system/src/cmsis/system_stm32f4xx.o ./system/src/cmsis/vectors_stm32f407xx.o  ./src/initialize-hardware.o ./src/led.o ./src/main.o ./src/stm32f4xx_hal_msp.o ./src/write.o  ./FreeRTOS\ Source/portable/MemMang/heap_4.o  ./FreeRTOS\ Source/portable/GCC/ARM_CM4F/port.o  ./FreeRTOS\ Source/croutine.o ./FreeRTOS\ Source/event_groups.o ./FreeRTOS\ Source/list.o ./FreeRTOS\ Source/queue.o ./FreeRTOS\ Source/tasks.o ./FreeRTOS\ Source/timers.o   
C:/Users/moame/AppData/Roaming/xPacks/@xpack-dev-tools/arm-none-eabi-gcc/13.2.1-1.1.1/.content/bin/../lib/gcc/arm-none-eabi/13.2.1/../../../../arm-none-eabi/bin/ld.exe: warning: Demo.elf has a LOAD segment with RWX permissions
C:/Users/moame/AppData/Roaming/xPacks/@xpack-dev-tools/arm-none-eabi-gcc/13.2.1-1.1.1/.content/bin/../lib/gcc/arm-none-eabi/13.2.1/../../../../arm-none-eabi/bin/ld.exe: ./FreeRTOS Source/portable/MemMang/heap_4.o: in function `pvPortMalloc':
C:\Users\moame\Documents\FreeRTOS project\Demo\Debug/../FreeRTOS Source/portable/MemMang/heap_4.c:291:(.text.pvPortMalloc+0x46): undefined reference to `vApplicationMallocFailedHook'
C:/Users/moame/AppData/Roaming/xPacks/@xpack-dev-tools/arm-none-eabi-gcc/13.2.1-1.1.1/.content/bin/../lib/gcc/arm-none-eabi/13.2.1/../../../../arm-none-eabi/bin/ld.exe: ./FreeRTOS Source/tasks.o: in function `xTaskIncrementTick':
C:\Users\moame\Documents\FreeRTOS project\Demo\Debug/../FreeRTOS Source/tasks.c:2632:(.text.xTaskIncrementTick+0x6e): undefined reference to `vApplicationTickHook'
C:/Users/moame/AppData/Roaming/xPacks/@xpack-dev-tools/arm-none-eabi-gcc/13.2.1-1.1.1/.content/bin/../lib/gcc/arm-none-eabi/13.2.1/../../../../arm-none-eabi/bin/ld.exe: C:\Users\moame\Documents\FreeRTOS project\Demo\Debug/../FreeRTOS Source/tasks.c:2649:(.text.xTaskIncrementTick+0xe8): undefined reference to `vApplicationTickHook'
C:/Users/moame/AppData/Roaming/xPacks/@xpack-dev-tools/arm-none-eabi-gcc/13.2.1-1.1.1/.content/bin/../lib/gcc/arm-none-eabi/13.2.1/../../../../arm-none-eabi/bin/ld.exe: ./FreeRTOS Source/tasks.o: in function `prvIdleTask':
C:\Users\moame\Documents\FreeRTOS project\Demo\Debug/../FreeRTOS Source/tasks.c:3186:(.text.prvIdleTask+0x18): undefined reference to `vApplicationIdleHook'
C:/Users/moame/AppData/Roaming/xPacks/@xpack-dev-tools/arm-none-eabi-gcc/13.2.1-1.1.1/.content/bin/../lib/gcc/arm-none-eabi/13.2.1/../../../../arm-none-eabi/bin/ld.exe: ./FreeRTOS Source/tasks.o: in function `vTaskSwitchContext':
C:\Users\moame\Documents\FreeRTOS project\Demo\Debug/../FreeRTOS Source/tasks.c:2802:(.text.vTaskSwitchContext+0x34): undefined reference to `vApplicationStackOverflowHook'
collect2.exe: error: ld returned 1 exit status
make: *** [makefile:93: Demo.elf] Error 1
"make all" terminated with exit code 2. Build might be incomplete.
13:57:37 **** Incremental Build of configuration Debug for project Demo ****
make all 
Building file: ../src/main.c
Invoking: GNU Arm Cross C Compiler
arm-none-eabi-gcc -mcpu=cortex-m4 -mthumb -mfloat-abi=softfp -mfpu=fpv4-sp-d16 -Og -fmessage-length=0 -fsigned-char -ffunction-sections -fdata-sections -fno-move-loop-invariants -Wall -Wextra -g3 -DDEBUG -DUSE_FULL_ASSERT -DOS_USE_SEMIHOSTING -DTRACE -DOS_USE_TRACE_SEMIHOSTING_DEBUG -DSTM32F407xx -DUSE_HAL_DRIVER -DHSE_VALUE=8000000 -I"../include" -I"C:\Users\moame\Documents\FreeRTOS project\Demo\FreeRTOS Source\include" -I"C:\Users\moame\Documents\FreeRTOS project\Demo\FreeRTOS Source\portable\GCC\ARM_CM4F" -I"../system/include" -I"../system/include/cmsis" -I"../system/include/stm32f4-hal" -std=gnu11 -MMD -MP -MF"src/main.d" -MT"src/main.o" -c -o "src/main.o" "../src/main.c"
../src/main.c: In function 'ReceiverTask':
../src/main.c:62:25: warning: unused parameter 'Parameters' [-Wunused-parameter]
   62 | void ReceiverTask(void *Parameters)
      |                   ~~~~~~^~~~~~~~~~
../src/main.c: In function 'ReceiverTimerCallback':
../src/main.c:93:42: warning: unused parameter 'xTimer' [-Wunused-parameter]
   93 | void ReceiverTimerCallback(TimerHandle_t xTimer)
      |                            ~~~~~~~~~~~~~~^~~~~~
../src/main.c: In function 'Reset':
../src/main.c:121:20: warning: comparison of integer expressions of different signedness: 'int' and 'unsigned int' [-Wsign-compare]
  121 |     if (timerIndex >= sizeof(senderTimerPeriodsLower) / sizeof(TickType_t))
      |                    ^~
../src/main.c: In function 'Init_Reset':
../src/main.c:157:24: warning: comparison of integer expressions of different signedness: 'int' and 'unsigned int' [-Wsign-compare]
  157 |         if (timerIndex >= sizeof(senderTimerPeriodsLower) / sizeof(TickType_t))
      |                        ^~
../src/main.c: In function 'vApplicationStackOverflowHook':
../src/main.c:178:49: warning: unused parameter 'xTask' [-Wunused-parameter]
  178 | void vApplicationStackOverflowHook(TaskHandle_t xTask, char *pcTaskName)
      |                                    ~~~~~~~~~~~~~^~~~~
Finished building: ../src/main.c
 
Building target: Demo.elf
Invoking: GNU Arm Cross C++ Linker
arm-none-eabi-g++ -mcpu=cortex-m4 -mthumb -mfloat-abi=softfp -mfpu=fpv4-sp-d16 -Og -fmessage-length=0 -fsigned-char -ffunction-sections -fdata-sections -fno-move-loop-invariants -Wall -Wextra -g3 -T mem.ld -T libs.ld -T sections.ld -nostartfiles -Xlinker --gc-sections -L"../ldscripts" -Wl,-Map,"Demo.map" --specs=nano.specs -o "Demo.elf" ./system/src/stm32f4-hal/stm32f4xx_hal.o ./system/src/stm32f4-hal/stm32f4xx_hal_cortex.o ./system/src/stm32f4-hal/stm32f4xx_hal_flash.o ./system/src/stm32f4-hal/stm32f4xx_hal_flash_ex.o ./system/src/stm32f4-hal/stm32f4xx_hal_flash_ramfunc.o ./system/src/stm32f4-hal/stm32f4xx_hal_gpio.o ./system/src/stm32f4-hal/stm32f4xx_hal_iwdg.o ./system/src/stm32f4-hal/stm32f4xx_hal_pwr.o ./system/src/stm32f4-hal/stm32f4xx_hal_rcc.o  ./system/src/newlib/assert.o ./system/src/newlib/cxx.o ./system/src/newlib/exit.o ./system/src/newlib/sbrk.o ./system/src/newlib/startup.o ./system/src/newlib/syscalls.o  ./system/src/diag/trace-impl.o ./system/src/diag/trace.o  ./system/src/cortexm/exception-handlers.o ./system/src/cortexm/initialize-hardware.o ./system/src/cortexm/reset-hardware.o  ./system/src/cmsis/system_stm32f4xx.o ./system/src/cmsis/vectors_stm32f407xx.o  ./src/initialize-hardware.o ./src/led.o ./src/main.o ./src/stm32f4xx_hal_msp.o ./src/write.o  ./FreeRTOS\ Source/portable/MemMang/heap_4.o  ./FreeRTOS\ Source/portable/GCC/ARM_CM4F/port.o  ./FreeRTOS\ Source/croutine.o ./FreeRTOS\ Source/event_groups.o ./FreeRTOS\ Source/list.o ./FreeRTOS\ Source/queue.o ./FreeRTOS\ Source/tasks.o ./FreeRTOS\ Source/timers.o   
C:/Users/moame/AppData/Roaming/xPacks/@xpack-dev-tools/arm-none-eabi-gcc/13.2.1-1.1.1/.content/bin/../lib/gcc/arm-none-eabi/13.2.1/../../../../arm-none-eabi/bin/ld.exe: warning: Demo.elf has a LOAD segment with RWX permissions
C:/Users/moame/AppData/Roaming/xPacks/@xpack-dev-tools/arm-none-eabi-gcc/13.2.1-1.1.1/.content/bin/../lib/gcc/arm-none-eabi/13.2.1/../../../../arm-none-eabi/bin/ld.exe: ./FreeRTOS Source/portable/MemMang/heap_4.o: in function `pvPortMalloc':
C:\Users\moame\Documents\FreeRTOS project\Demo\Debug/../FreeRTOS Source/portable/MemMang/heap_4.c:291:(.text.pvPortMalloc+0x46): undefined reference to `vApplicationMallocFailedHook'
C:/Users/moame/AppData/Roaming/xPacks/@xpack-dev-tools/arm-none-eabi-gcc/13.2.1-1.1.1/.content/bin/../lib/gcc/arm-none-eabi/13.2.1/../../../../arm-none-eabi/bin/ld.exe: ./FreeRTOS Source/tasks.o: in function `xTaskIncrementTick':
C:\Users\moame\Documents\FreeRTOS project\Demo\Debug/../FreeRTOS Source/tasks.c:2632:(.text.xTaskIncrementTick+0x6e): undefined reference to `vApplicationTickHook'
C:/Users/moame/AppData/Roaming/xPacks/@xpack-dev-tools/arm-none-eabi-gcc/13.2.1-1.1.1/.content/bin/../lib/gcc/arm-none-eabi/13.2.1/../../../../arm-none-eabi/bin/ld.exe: C:\Users\moame\Documents\FreeRTOS project\Demo\Debug/../FreeRTOS Source/tasks.c:2649:(.text.xTaskIncrementTick+0xe8): undefined reference to `vApplicationTickHook'
C:/Users/moame/AppData/Roaming/xPacks/@xpack-dev-tools/arm-none-eabi-gcc/13.2.1-1.1.1/.content/bin/../lib/gcc/arm-none-eabi/13.2.1/../../../../arm-none-eabi/bin/ld.exe: ./FreeRTOS Source/tasks.o: in function `prvIdleTask':
C:\Users\moame\Documents\FreeRTOS project\Demo\Debug/../FreeRTOS Source/tasks.c:3186:(.text.prvIdleTask+0x18): undefined reference to `vApplicationIdleHook'
collect2.exe: error: ld returned 1 exit status
make: *** [makefile:93: Demo.elf] Error 1
"make all" terminated with exit code 2. Build might be incomplete.
13:58:16 **** Incremental Build of configuration Debug for project Demo ****
make all 
Building file: ../src/main.c
Invoking: GNU Arm Cross C Compiler
arm-none-eabi-gcc -mcpu=cortex-m4 -mthumb -mfloat-abi=softfp -mfpu=fpv4-sp-d16 -Og -fmessage-length=0 -fsigned-char -ffunction-sections -fdata-sections -fno-move-loop-invariants -Wall -Wextra -g3 -DDEBUG -DUSE_FULL_ASSERT -DOS_USE_SEMIHOSTING -DTRACE -DOS_USE_TRACE_SEMIHOSTING_DEBUG -DSTM32F407xx -DUSE_HAL_DRIVER -DHSE_VALUE=8000000 -I"../include" -I"C:\Users\moame\Documents\FreeRTOS project\Demo\FreeRTOS Source\include" -I"C:\Users\moame\Documents\FreeRTOS project\Demo\FreeRTOS Source\portable\GCC\ARM_CM4F" -I"../system/include" -I"../system/include/cmsis" -I"../system/include/stm32f4-hal" -std=gnu11 -MMD -MP -MF"src/main.d" -MT"src/main.o" -c -o "src/main.o" "../src/main.c"
../src/main.c: In function 'ReceiverTask':
../src/main.c:62:25: warning: unused parameter 'Parameters' [-Wunused-parameter]
   62 | void ReceiverTask(void *Parameters)
      |                   ~~~~~~^~~~~~~~~~
../src/main.c: In function 'ReceiverTimerCallback':
../src/main.c:93:42: warning: unused parameter 'xTimer' [-Wunused-parameter]
   93 | void ReceiverTimerCallback(TimerHandle_t xTimer)
      |                            ~~~~~~~~~~~~~~^~~~~~
../src/main.c: In function 'Reset':
../src/main.c:121:20: warning: comparison of integer expressions of different signedness: 'int' and 'unsigned int' [-Wsign-compare]
  121 |     if (timerIndex >= sizeof(senderTimerPeriodsLower) / sizeof(TickType_t))
      |                    ^~
../src/main.c: In function 'Init_Reset':
../src/main.c:157:24: warning: comparison of integer expressions of different signedness: 'int' and 'unsigned int' [-Wsign-compare]
  157 |         if (timerIndex >= sizeof(senderTimerPeriodsLower) / sizeof(TickType_t))
      |                        ^~
../src/main.c: In function 'vApplicationStackOverflowHook':
../src/main.c:178:49: warning: unused parameter 'xTask' [-Wunused-parameter]
  178 | void vApplicationStackOverflowHook(TaskHandle_t xTask, char *pcTaskName)
      |                                    ~~~~~~~~~~~~~^~~~~
Finished building: ../src/main.c
 
Building target: Demo.elf
Invoking: GNU Arm Cross C++ Linker
arm-none-eabi-g++ -mcpu=cortex-m4 -mthumb -mfloat-abi=softfp -mfpu=fpv4-sp-d16 -Og -fmessage-length=0 -fsigned-char -ffunction-sections -fdata-sections -fno-move-loop-invariants -Wall -Wextra -g3 -T mem.ld -T libs.ld -T sections.ld -nostartfiles -Xlinker --gc-sections -L"../ldscripts" -Wl,-Map,"Demo.map" --specs=nano.specs -o "Demo.elf" ./system/src/stm32f4-hal/stm32f4xx_hal.o ./system/src/stm32f4-hal/stm32f4xx_hal_cortex.o ./system/src/stm32f4-hal/stm32f4xx_hal_flash.o ./system/src/stm32f4-hal/stm32f4xx_hal_flash_ex.o ./system/src/stm32f4-hal/stm32f4xx_hal_flash_ramfunc.o ./system/src/stm32f4-hal/stm32f4xx_hal_gpio.o ./system/src/stm32f4-hal/stm32f4xx_hal_iwdg.o ./system/src/stm32f4-hal/stm32f4xx_hal_pwr.o ./system/src/stm32f4-hal/stm32f4xx_hal_rcc.o  ./system/src/newlib/assert.o ./system/src/newlib/cxx.o ./system/src/newlib/exit.o ./system/src/newlib/sbrk.o ./system/src/newlib/startup.o ./system/src/newlib/syscalls.o  ./system/src/diag/trace-impl.o ./system/src/diag/trace.o  ./system/src/cortexm/exception-handlers.o ./system/src/cortexm/initialize-hardware.o ./system/src/cortexm/reset-hardware.o  ./system/src/cmsis/system_stm32f4xx.o ./system/src/cmsis/vectors_stm32f407xx.o  ./src/initialize-hardware.o ./src/led.o ./src/main.o ./src/stm32f4xx_hal_msp.o ./src/write.o  ./FreeRTOS\ Source/portable/MemMang/heap_4.o  ./FreeRTOS\ Source/portable/GCC/ARM_CM4F/port.o  ./FreeRTOS\ Source/croutine.o ./FreeRTOS\ Source/event_groups.o ./FreeRTOS\ Source/list.o ./FreeRTOS\ Source/queue.o ./FreeRTOS\ Source/tasks.o ./FreeRTOS\ Source/timers.o   
C:/Users/moame/AppData/Roaming/xPacks/@xpack-dev-tools/arm-none-eabi-gcc/13.2.1-1.1.1/.content/bin/../lib/gcc/arm-none-eabi/13.2.1/../../../../arm-none-eabi/bin/ld.exe: warning: Demo.elf has a LOAD segment with RWX permissions
C:/Users/moame/AppData/Roaming/xPacks/@xpack-dev-tools/arm-none-eabi-gcc/13.2.1-1.1.1/.content/bin/../lib/gcc/arm-none-eabi/13.2.1/../../../../arm-none-eabi/bin/ld.exe: ./FreeRTOS Source/portable/MemMang/heap_4.o: in function `pvPortMalloc':
C:\Users\moame\Documents\FreeRTOS project\Demo\Debug/../FreeRTOS Source/portable/MemMang/heap_4.c:291:(.text.pvPortMalloc+0x46): undefined reference to `vApplicationMallocFailedHook'
C:/Users/moame/AppData/Roaming/xPacks/@xpack-dev-tools/arm-none-eabi-gcc/13.2.1-1.1.1/.content/bin/../lib/gcc/arm-none-eabi/13.2.1/../../../../arm-none-eabi/bin/ld.exe: ./FreeRTOS Source/tasks.o: in function `xTaskIncrementTick':
C:\Users\moame\Documents\FreeRTOS project\Demo\Debug/../FreeRTOS Source/tasks.c:2632:(.text.xTaskIncrementTick+0x6e): undefined reference to `vApplicationTickHook'
C:/Users/moame/AppData/Roaming/xPacks/@xpack-dev-tools/arm-none-eabi-gcc/13.2.1-1.1.1/.content/bin/../lib/gcc/arm-none-eabi/13.2.1/../../../../arm-none-eabi/bin/ld.exe: C:\Users\moame\Documents\FreeRTOS project\Demo\Debug/../FreeRTOS Source/tasks.c:2649:(.text.xTaskIncrementTick+0xe8): undefined reference to `vApplicationTickHook'
collect2.exe: error: ld returned 1 exit status
make: *** [makefile:93: Demo.elf] Error 1
"make all" terminated with exit code 2. Build might be incomplete.
14:00:02 **** Incremental Build of configuration Debug for project Demo ****
make all 
Building file: ../src/main.c
Invoking: GNU Arm Cross C Compiler
[...]
C:/Users/moame/AppData/Roaming/xPacks/@xpack-dev-tools/arm-none-eabi-gcc/13.2.1-1.1.1/.content/bin/../lib/gcc/arm-none-eabi/13.2.1/../../../../arm-none-eabi/bin/ld.exe: warning: Demo.elf has a LOAD segment with RWX permissions
Finished building target: Demo.elf
 
Invoking: GNU Arm Cross Create Flash Image
arm-none-eabi-objcopy -O ihex "Demo.elf"  "Demo.hex"
Finished building: Demo.hex
 
Invoking: GNU Arm Cross Print Size
arm-none-eabi-size --format=berkeley "Demo.elf"
   text	   data	    bss	    dec	    hex	filename
  21948	    156	  78376	 100480	  18880	Demo.elf
Finished building: Demo.siz
 
19:39:56 **** Incremental Build of configuration Debug for project Demo ****
make all 
Building file: ../src/main.c
Invoking: GNU Arm Cross C Compiler
arm-none-eabi-gcc -mcpu=cortex-m4 -mthumb -mfloat-abi=softfp -mfpu=fpv4-sp-d16 -Og -fmessage-length=0 -fsigned-char -ffunction-sections -fdata-sections -fno-move-loop-invariants -Wall -Wextra -g3 -DDEBUG -DUSE_FULL_ASSERT -DOS_USE_SEMIHOSTING -DTRACE -DOS_USE_TRACE_SEMIHOSTING_DEBUG -DSTM32F407xx -DUSE_HAL_DRIVER -DHSE_VALUE=8000000 -I"../include" -I"C:\Users\moame\Documents\FreeRTOS project\Demo\FreeRTOS Source\include" -I"C:\Users\moame\Documents\FreeRTOS project\Demo\FreeRTOS Source\portable\GCC\ARM_CM4F" -I"../system/include" -I"../system/include/cmsis" -I"../system/include/stm32f4-hal" -std=gnu11 -MMD -MP -MF"src/main.d" -MT"src/main.o" -c -o "src/main.o" "../src/main.c"
Finished building: ../src/main.c
 
Building target: Demo.elf
Invoking: GNU Arm Cross C++ Linker
arm-none-eabi-g++ -mcpu=cortex-m4 -mthumb -mfloat-abi=softfp -mfpu=fpv4-sp-d16 -Og -fmessage-length=0 -fsigned-char -ffunction-sections -fdata-sections -fno-move-loop-invariants -Wall -Wextra -g3 -T mem.ld -T libs.ld -T sections.ld -nostartfiles -Xlinker --gc-sections -L"../ldscripts" -Wl,-Map,"Demo.map" --specs=nano.specs -o "Demo.elf" ./system/src/stm32f4-hal/stm32f4xx_hal.o ./system/src/stm32f4-hal/stm32f4xx_hal_cortex.o ./system/src/stm32f4-hal/stm32f4xx_hal_flash.o ./system/src/stm32f4-hal/stm32f4xx_hal_flash_ex.o ./system/src/stm32f4-hal/stm32f4xx_hal_flash_ramfunc.o ./system/src/stm32f4-hal/stm32f4xx_hal_gpio.o ./system/src/stm32f4-hal/stm32f4xx_hal_iwdg.o ./system/src/stm32f4-hal/stm32f4xx_hal_pwr.o ./system/src/stm32f4-hal/stm32f4xx_hal_rcc.o  ./system/src/newlib/assert.o ./system/src/newlib/cxx.o ./system/src/newlib/exit.o ./system/src/newlib/sbrk.o ./system/src/newlib/startup.o ./system/src/newlib/syscalls.o  ./system/src/diag/trace-impl.o ./system/src/diag/trace.o  ./system/src/cortexm/exception-handlers.o ./system/src/cortexm/initialize-hardware.o ./system/src/cortexm/reset-hardware.o  ./system/src/cmsis/system_stm32f4xx.o ./system/src/cmsis/vectors_stm32f407xx.o  ./src/initialize-hardware.o ./src/led.o ./src/main.o ./src/stm32f4xx_hal_msp.o ./src/write.o  ./FreeRTOS\ Source/portable/MemMang/heap_4.o  ./FreeRTOS\ Source/portable/GCC/ARM_CM4F/port.o  ./FreeRTOS\ Source/croutine.o ./FreeRTOS\ Source/event_groups.o ./FreeRTOS\ Source/list.o ./FreeRTOS\ Source/queue.o ./FreeRTOS\ Source/tasks.o ./FreeRTOS\ Source/timers.o   
C:/Users/moame/AppData/Roaming/xPacks/@xpack-dev-tools/arm-none-eabi-gcc/13.2.1-1.1.1/.content/bin/../lib/gcc/arm-none-eabi/13.2.1/../../../../arm-none-eabi/bin/ld.exe: warning: Demo.elf has a LOAD segment with RWX permissions
Finished building target: Demo.elf
 
Invoking: GNU Arm Cross Create Flash Image
arm-none-eabi-objcopy -O ihex "Demo.elf"  "Demo.hex"
Finished building: Demo.hex
 
Invoking: GNU Arm Cross Print Size
arm-none-eabi-size --format=berkeley "Demo.elf"
   text	   data	    bss	    dec	    hex	filename
  21932	    156	  78376	 100464	  18870	Demo.elf
Finished building: Demo.siz
 
19:42:54 **** Incremental Build of configuration Debug for project Demo ****
make all 
Building file: ../src/main.c
Invoking: GNU Arm Cross C Compiler
arm-none-eabi-gcc -mcpu=cortex-m4 -mthumb -mfloat-abi=softfp -mfpu=fpv4-sp-d16 -Og -fmessage-length=0 -fsigned-char -ffunction-sections -fdata-sections -fno-move-loop-invariants -Wall -Wextra -g3 -DDEBUG -DUSE_FULL_ASSERT -DOS_USE_SEMIHOSTING -DTRACE -DOS_USE_TRACE_SEMIHOSTING_DEBUG -DSTM32F407xx -DUSE_HAL_DRIVER -DHSE_VALUE=8000000 -I"../include" -I"C:\Users\moame\Documents\FreeRTOS project\Demo\FreeRTOS Source\include" -I"C:\Users\moame\Documents\FreeRTOS project\Demo\FreeRTOS Source\portable\GCC\ARM_CM4F" -I"../system/include" -I"../system/include/cmsis" -I"../system/include/stm32f4-hal" -std=gnu11 -MMD -MP -MF"src/main.d" -MT"src/main.o" -c -o "src/main.o" "../src/main.c"
Finished building: ../src/main.c
 
Building target: Demo.elf
Invoking: GNU Arm Cross C++ Linker
arm-none-eabi-g++ -mcpu=cortex-m4 -mthumb -mfloat-abi=softfp -mfpu=fpv4-sp-d16 -Og -fmessage-length=0 -fsigned-char -ffunction-sections -fdata-sections -fno-move-loop-invariants -Wall -Wextra -g3 -T mem.ld -T libs.ld -T sections.ld -nostartfiles -Xlinker --gc-sections -L"../ldscripts" -Wl,-Map,"Demo.map" --specs=nano.specs -o "Demo.elf" ./system/src/stm32f4-hal/stm32f4xx_hal.o ./system/src/stm32f4-hal/stm32f4xx_hal_cortex.o ./system/src/stm32f4-hal/stm32f4xx_hal_flash.o ./system/src/stm32f4-hal/stm32f4xx_hal_flash_ex.o ./system/src/stm32f4-hal/stm32f4xx_hal_flash_ramfunc.o ./system/src/stm32f4-hal/stm32f4xx_hal_gpio.o ./system/src/stm32f4-hal/stm32f4xx_hal_iwdg.o ./system/src/stm32f4-hal/stm32f4xx_hal_pwr.o ./system/src/stm32f4-hal/stm32f4xx_hal_rcc.o  ./system/src/newlib/assert.o ./system/src/newlib/cxx.o ./system/src/newlib/exit.o ./system/src/newlib/sbrk.o ./system/src/newlib/startup.o ./system/src/newlib/syscalls.o  ./system/src/diag/trace-impl.o ./system/src/diag/trace.o  ./system/src/cortexm/exception-handlers.o ./system/src/cortexm/initialize-hardware.o ./system/src/cortexm/reset-hardware.o  ./system/src/cmsis/system_stm32f4xx.o ./system/src/cmsis/vectors_stm32f407xx.o  ./src/initialize-hardware.o ./src/led.o ./src/main.o ./src/stm32f4xx_hal_msp.o ./src/write.o  ./FreeRTOS\ Source/portable/MemMang/heap_4.o  ./FreeRTOS\ Source/portable/GCC/ARM_CM4F/port.o  ./FreeRTOS\ Source/croutine.o ./FreeRTOS\ Source/event_groups.o ./FreeRTOS\ Source/list.o ./FreeRTOS\ Source/queue.o ./FreeRTOS\ Source/tasks.o ./FreeRTOS\ Source/timers.o   
C:/Users/moame/AppData/Roaming/xPacks/@xpack-dev-tools/arm-none-eabi-gcc/13.2.1-1.1.1/.content/bin/../lib/gcc/arm-none-eabi/13.2.1/../../../../arm-none-eabi/bin/ld.exe: warning: Demo.elf has a LOAD segment with RWX permissions
Finished building target: Demo.elf
 
Invoking: GNU Arm Cross Create Flash Image
arm-none-eabi-objcopy -O ihex "Demo.elf"  "Demo.hex"
Finished building: Demo.hex
 
Invoking: GNU Arm Cross Print Size
arm-none-eabi-size --format=berkeley "Demo.elf"
   text	   data	    bss	    dec	    hex	filename
  21916	    156	  78376	 100448	  18860	Demo.elf
Finished building: Demo.siz
 
19:44:17 **** Incremental Build of configuration Debug for project Demo ****
make all 
Building file: ../src/main.c
Invoking: GNU Arm Cross C Compiler
arm-none-eabi-gcc -mcpu=cortex-m4 -mthumb -mfloat-abi=softfp -mfpu=fpv4-sp-d16 -Og -fmessage-length=0 -fsigned-char -ffunction-sections -fdata-sections -fno-move-loop-invariants -Wall -Wextra -g3 -DDEBUG -DUSE_FULL_ASSERT -DOS_USE_SEMIHOSTING -DTRACE -DOS_USE_TRACE_SEMIHOSTING_DEBUG -DSTM32F407xx -DUSE_HAL_DRIVER -DHSE_VALUE=8000000 -I"../include" -I"C:\Users\moame\Documents\FreeRTOS project\Demo\FreeRTOS Source\include" -I"C:\Users\moame\Documents\FreeRTOS project\Demo\FreeRTOS Source\portable\GCC\ARM_CM4F" -I"../system/include" -I"../system/include/cmsis" -I"../system/include/stm32f4-hal" -std=gnu11 -MMD -MP -MF"src/main.d" -MT"src/main.o" -c -o "src/main.o" "../src/main.c"
Finished building: ../src/main.c
 
Building target: Demo.elf
Invoking: GNU Arm Cross C++ Linker
arm-none-eabi-g++ -mcpu=cortex-m4 -mthumb -mfloat-abi=softfp -mfpu=fpv4-sp-d16 -Og -fmessage-length=0 -fsigned-char -ffunction-sections -fdata-sections -fno-move-loop-invariants -Wall -Wextra -g3 -T mem.ld -T libs.ld -T sections.ld -nostartfiles -Xlinker --gc-sections -L"../ldscripts" -Wl,-Map,"Demo.map" --specs=nano.specs -o "Demo.elf" ./system/src/stm32f4-hal/stm32f4xx_hal.o ./system/src/stm32f4-hal/stm32f4xx_hal_cortex.o ./system/src/stm32f4-hal/stm32f4xx_hal_flash.o ./system/src/stm32f4-hal/stm32f4xx_hal_flash_ex.o ./system/src/stm32f4-hal/stm32f4xx_hal_flash_ramfunc.o ./system/src/stm32f4-hal/stm32f4xx_hal_gpio.o ./system/src/stm32f4-hal/stm32f4xx_hal_iwdg.o ./system/src/stm32f4-hal/stm32f4xx_hal_pwr.o ./system/src/stm32f4-hal/stm32f4xx_hal_rcc.o  ./system/src/newlib/assert.o ./system/src/newlib/cxx.o ./system/src/newlib/exit.o ./system/src/newlib/sbrk.o ./system/src/newlib/startup.o ./system/src/newlib/syscalls.o  ./system/src/diag/trace-impl.o ./system/src/diag/trace.o  ./system/src/cortexm/exception-handlers.o ./system/src/cortexm/initialize-hardware.o ./system/src/cortexm/reset-hardware.o  ./system/src/cmsis/system_stm32f4xx.o ./system/src/cmsis/vectors_stm32f407xx.o  ./src/initialize-hardware.o ./src/led.o ./src/main.o ./src/stm32f4xx_hal_msp.o ./src/write.o  ./FreeRTOS\ Source/portable/MemMang/heap_4.o  ./FreeRTOS\ Source/portable/GCC/ARM_CM4F/port.o  ./FreeRTOS\ Source/croutine.o ./FreeRTOS\ Source/event_groups.o ./FreeRTOS\ Source/list.o ./FreeRTOS\ Source/queue.o ./FreeRTOS\ Source/tasks.o ./FreeRTOS\ Source/timers.o   
C:/Users/moame/AppData/Roaming/xPacks/@xpack-dev-tools/arm-none-eabi-gcc/13.2.1-1.1.1/.content/bin/../lib/gcc/arm-none-eabi/13.2.1/../../../../arm-none-eabi/bin/ld.exe: warning: Demo.elf has a LOAD segment with RWX permissions
Finished building target: Demo.elf
 
Invoking: GNU Arm Cross Create Flash Image
arm-none-eabi-objcopy -O ihex "Demo.elf"  "Demo.hex"
Finished building: Demo.hex
 
Invoking: GNU Arm Cross Print Size
arm-none-eabi-size --format=berkeley "Demo.elf"
   text	   data	    bss	    dec	    hex	filename
  21916	    156	  78376	 100448	  18860	Demo.elf
Finished building: Demo.siz
 
19:45:26 **** Incremental Build of configuration Debug for project Demo ****
make all 
Building file: ../src/main.c
Invoking: GNU Arm Cross C Compiler
arm-none-eabi-gcc -mcpu=cortex-m4 -mthumb -mfloat-abi=softfp -mfpu=fpv4-sp-d16 -Og -fmessage-length=0 -fsigned-char -ffunction-sections -fdata-sections -fno-move-loop-invariants -Wall -Wextra -g3 -DDEBUG -DUSE_FULL_ASSERT -DOS_USE_SEMIHOSTING -DTRACE -DOS_USE_TRACE_SEMIHOSTING_DEBUG -DSTM32F407xx -DUSE_HAL_DRIVER -DHSE_VALUE=8000000 -I"../include" -I"C:\Users\moame\Documents\FreeRTOS project\Demo\FreeRTOS Source\include" -I"C:\Users\moame\Documents\FreeRTOS project\Demo\FreeRTOS Source\portable\GCC\ARM_CM4F" -I"../system/include" -I"../system/include/cmsis" -I"../system/include/stm32f4-hal" -std=gnu11 -MMD -MP -MF"src/main.d" -MT"src/main.o" -c -o "src/main.o" "../src/main.c"
Finished building: ../src/main.c
 
Building target: Demo.elf
Invoking: GNU Arm Cross C++ Linker
arm-none-eabi-g++ -mcpu=cortex-m4 -mthumb -mfloat-abi=softfp -mfpu=fpv4-sp-d16 -Og -fmessage-length=0 -fsigned-char -ffunction-sections -fdata-sections -fno-move-loop-invariants -Wall -Wextra -g3 -T mem.ld -T libs.ld -T sections.ld -nostartfiles -Xlinker --gc-sections -L"../ldscripts" -Wl,-Map,"Demo.map" --specs=nano.specs -o "Demo.elf" ./system/src/stm32f4-hal/stm32f4xx_hal.o ./system/src/stm32f4-hal/stm32f4xx_hal_cortex.o ./system/src/stm32f4-hal/stm32f4xx_hal_flash.o ./system/src/stm32f4-hal/stm32f4xx_hal_flash_ex.o ./system/src/stm32f4-hal/stm32f4xx_hal_flash_ramfunc.o ./system/src/stm32f4-hal/stm32f4xx_hal_gpio.o ./system/src/stm32f4-hal/stm32f4xx_hal_iwdg.o ./system/src/stm32f4-hal/stm32f4xx_hal_pwr.o ./system/src/stm32f4-hal/stm32f4xx_hal_rcc.o  ./system/src/newlib/assert.o ./system/src/newlib/cxx.o ./system/src/newlib/exit.o ./system/src/newlib/sbrk.o ./system/src/newlib/startup.o ./system/src/newlib/syscalls.o  ./system/src/diag/trace-impl.o ./system/src/diag/trace.o  ./system/src/cortexm/exception-handlers.o ./system/src/cortexm/initialize-hardware.o ./system/src/cortexm/reset-hardware.o  ./system/src/cmsis/system_stm32f4xx.o ./system/src/cmsis/vectors_stm32f407xx.o  ./src/initialize-hardware.o ./src/led.o ./src/main.o ./src/stm32f4xx_hal_msp.o ./src/write.o  ./FreeRTOS\ Source/portable/MemMang/heap_4.o  ./FreeRTOS\ Source/portable/GCC/ARM_CM4F/port.o  ./FreeRTOS\ Source/croutine.o ./FreeRTOS\ Source/event_groups.o ./FreeRTOS\ Source/list.o ./FreeRTOS\ Source/queue.o ./FreeRTOS\ Source/tasks.o ./FreeRTOS\ Source/timers.o   
C:/Users/moame/AppData/Roaming/xPacks/@xpack-dev-tools/arm-none-eabi-gcc/13.2.1-1.1.1/.content/bin/../lib/gcc/arm-none-eabi/13.2.1/../../../../arm-none-eabi/bin/ld.exe: warning: Demo.elf has a LOAD segment with RWX permissions
Finished building target: Demo.elf
 
Invoking: GNU Arm Cross Create Flash Image
arm-none-eabi-objcopy -O ihex "Demo.elf"  "Demo.hex"
Finished building: Demo.hex
 
Invoking: GNU Arm Cross Print Size
arm-none-eabi-size --format=berkeley "Demo.elf"
   text	   data	    bss	    dec	    hex	filename
  21900	    156	  78376	 100432	  18850	Demo.elf
Finished building: Demo.siz
 
19:47:15 **** Incremental Build of configuration Debug for project Demo ****
make all 
Building file: ../src/main.c
Invoking: GNU Arm Cross C Compiler
arm-none-eabi-gcc -mcpu=cortex-m4 -mthumb -mfloat-abi=softfp -mfpu=fpv4-sp-d16 -Og -fmessage-length=0 -fsigned-char -ffunction-sections -fdata-sections -fno-move-loop-invariants -Wall -Wextra -g3 -DDEBUG -DUSE_FULL_ASSERT -DOS_USE_SEMIHOSTING -DTRACE -DOS_USE_TRACE_SEMIHOSTING_DEBUG -DSTM32F407xx -DUSE_HAL_DRIVER -DHSE_VALUE=8000000 -I"../include" -I"C:\Users\moame\Documents\FreeRTOS project\Demo\FreeRTOS Source\include" -I"C:\Users\moame\Documents\FreeRTOS project\Demo\FreeRTOS Source\portable\GCC\ARM_CM4F" -I"../system/include" -I"../system/include/cmsis" -I"../system/include/stm32f4-hal" -std=gnu11 -MMD -MP -MF"src/main.d" -MT"src/main.o" -c -o "src/main.o" "../src/main.c"
Finished building: ../src/main.c
 
Building target: Demo.elf
Invoking: GNU Arm Cross C++ Linker
arm-none-eabi-g++ -mcpu=cortex-m4 -mthumb -mfloat-abi=softfp -mfpu=fpv4-sp-d16 -Og -fmessage-length=0 -fsigned-char -ffunction-sections -fdata-sections -fno-move-loop-invariants -Wall -Wextra -g3 -T mem.ld -T libs.ld -T sections.ld -nostartfiles -Xlinker --gc-sections -L"../ldscripts" -Wl,-Map,"Demo.map" --specs=nano.specs -o "Demo.elf" ./system/src/stm32f4-hal/stm32f4xx_hal.o ./system/src/stm32f4-hal/stm32f4xx_hal_cortex.o ./system/src/stm32f4-hal/stm32f4xx_hal_flash.o ./system/src/stm32f4-hal/stm32f4xx_hal_flash_ex.o ./system/src/stm32f4-hal/stm32f4xx_hal_flash_ramfunc.o ./system/src/stm32f4-hal/stm32f4xx_hal_gpio.o ./system/src/stm32f4-hal/stm32f4xx_hal_iwdg.o ./system/src/stm32f4-hal/stm32f4xx_hal_pwr.o ./system/src/stm32f4-hal/stm32f4xx_hal_rcc.o  ./system/src/newlib/assert.o ./system/src/newlib/cxx.o ./system/src/newlib/exit.o ./system/src/newlib/sbrk.o ./system/src/newlib/startup.o ./system/src/newlib/syscalls.o  ./system/src/diag/trace-impl.o ./system/src/diag/trace.o  ./system/src/cortexm/exception-handlers.o ./system/src/cortexm/initialize-hardware.o ./system/src/cortexm/reset-hardware.o  ./system/src/cmsis/system_stm32f4xx.o ./system/src/cmsis/vectors_stm32f407xx.o  ./src/initialize-hardware.o ./src/led.o ./src/main.o ./src/stm32f4xx_hal_msp.o ./src/write.o  ./FreeRTOS\ Source/portable/MemMang/heap_4.o  ./FreeRTOS\ Source/portable/GCC/ARM_CM4F/port.o  ./FreeRTOS\ Source/croutine.o ./FreeRTOS\ Source/event_groups.o ./FreeRTOS\ Source/list.o ./FreeRTOS\ Source/queue.o ./FreeRTOS\ Source/tasks.o ./FreeRTOS\ Source/timers.o   
C:/Users/moame/AppData/Roaming/xPacks/@xpack-dev-tools/arm-none-eabi-gcc/13.2.1-1.1.1/.content/bin/../lib/gcc/arm-none-eabi/13.2.1/../../../../arm-none-eabi/bin/ld.exe: warning: Demo.elf has a LOAD segment with RWX permissions
Finished building target: Demo.elf
 
Invoking: GNU Arm Cross Create Flash Image
arm-none-eabi-objcopy -O ihex "Demo.elf"  "Demo.hex"
Finished building: Demo.hex
 
Invoking: GNU Arm Cross Print Size
arm-none-eabi-size --format=berkeley "Demo.elf"
   text	   data	    bss	    dec	    hex	filename
  21916	    156	  78376	 100448	  18860	Demo.elf
Finished building: Demo.siz
 
10:43:55 **** Incremental Build of configuration Debug for project Demo ****
make all 
Building file: ../src/main.c
Invoking: GNU Arm Cross C Compiler
arm-none-eabi-gcc -mcpu=cortex-m4 -mthumb -mfloat-abi=softfp -mfpu=fpv4-sp-d16 -Og -fmessage-length=0 -fsigned-char -ffunction-sections -fdata-sections -fno-move-loop-invariants -Wall -Wextra -g3 -DDEBUG -DUSE_FULL_ASSERT -DOS_USE_SEMIHOSTING -DTRACE -DOS_USE_TRACE_SEMIHOSTING_DEBUG -DSTM32F407xx -DUSE_HAL_DRIVER -DHSE_VALUE=8000000 -I"../include" -I"C:\Users\moame\Documents\FreeRTOS project\Demo\FreeRTOS Source\include" -I"C:\Users\moame\Documents\FreeRTOS project\Demo\FreeRTOS Source\portable\GCC\ARM_CM4F" -I"../system/include" -I"../system/include/cmsis" -I"../system/include/stm32f4-hal" -std=gnu11 -MMD -MP -MF"src/main.d" -MT"src/main.o" -c -o "src/main.o" "../src/main.c"
Finished building: ../src/main.c
 
Building target: Demo.elf
Invoking: GNU Arm Cross C++ Linker
arm-none-eabi-g++ -mcpu=cortex-m4 -mthumb -mfloat-abi=softfp -mfpu=fpv4-sp-d16 -Og -fmessage-length=0 -fsigned-char -ffunction-sections -fdata-sections -fno-move-loop-invariants -Wall -Wextra -g3 -T mem.ld -T libs.ld -T sections.ld -nostartfiles -Xlinker --gc-sections -L"../ldscripts" -Wl,-Map,"Demo.map" --specs=nano.specs -o "Demo.elf" ./system/src/stm32f4-hal/stm32f4xx_hal.o ./system/src/stm32f4-hal/stm32f4xx_hal_cortex.o ./system/src/stm32f4-hal/stm32f4xx_hal_flash.o ./system/src/stm32f4-hal/stm32f4xx_hal_flash_ex.o ./system/src/stm32f4-hal/stm32f4xx_hal_flash_ramfunc.o ./system/src/stm32f4-hal/stm32f4xx_hal_gpio.o ./system/src/stm32f4-hal/stm32f4xx_hal_iwdg.o ./system/src/stm32f4-hal/stm32f4xx_hal_pwr.o ./system/src/stm32f4-hal/stm32f4xx_hal_rcc.o  ./system/src/newlib/assert.o ./system/src/newlib/cxx.o ./system/src/newlib/exit.o ./system/src/newlib/sbrk.o ./system/src/newlib/startup.o ./system/src/newlib/syscalls.o  ./system/src/diag/trace-impl.o ./system/src/diag/trace.o  ./system/src/cortexm/exception-handlers.o ./system/src/cortexm/initialize-hardware.o ./system/src/cortexm/reset-hardware.o  ./system/src/cmsis/system_stm32f4xx.o ./system/src/cmsis/vectors_stm32f407xx.o  ./src/initialize-hardware.o ./src/led.o ./src/main.o ./src/stm32f4xx_hal_msp.o ./src/write.o  ./FreeRTOS\ Source/portable/MemMang/heap_4.o  ./FreeRTOS\ Source/portable/GCC/ARM_CM4F/port.o  ./FreeRTOS\ Source/croutine.o ./FreeRTOS\ Source/event_groups.o ./FreeRTOS\ Source/list.o ./FreeRTOS\ Source/queue.o ./FreeRTOS\ Source/tasks.o ./FreeRTOS\ Source/timers.o   
C:/Users/moame/AppData/Roaming/xPacks/@xpack-dev-tools/arm-none-eabi-gcc/13.2.1-1.1.1/.content/bin/../lib/gcc/arm-none-eabi/13.2.1/../../../../arm-none-eabi/bin/ld.exe: warning: Demo.elf has a LOAD segment with RWX permissions
Finished building target: Demo.elf
 
Invoking: GNU Arm Cross Create Flash Image
arm-none-eabi-objcopy -O ihex "Demo.elf"  "Demo.hex"
Finished building: Demo.hex
 
Invoking: GNU Arm Cross Print Size
arm-none-eabi-size --format=berkeley "Demo.elf"
   text	   data	    bss	    dec	    hex	filename
  22012	    156	  78376	 100544	  188c0	Demo.elf
Finished building: Demo.siz
 
